07-02 16:39:20.762  5819  6035 E GoogleApiManager: 	at dcgs.dispatchMessage(:com.google.android.gms@262233035@26.22.33 (260400-932714197):5)
07-02 16:39:20.762  5819  6035 E GoogleApiManager: 	at android.os.Looper.loopOnce(Looper.java:302)
07-02 16:39:20.762  5819  6035 E GoogleApiManager: 	at android.os.Looper.loop(Looper.java:412)
07-02 16:39:20.762  5819  6035 E GoogleApiManager: 	at android.os.HandlerThread.run(HandlerThread.java:85)
07-02 16:39:20.767  2262  3934 E Athena  : AbnormalMemoryAction: init action fail: abnormal_memory_periodic_clear_config_1 not configured.
07-02 16:39:20.794  3695  3695 E [OPLUS_AFS_CONFIG]: Failed to open AFS config file: /proc/oplus_afs_config/afs_config
07-02 16:39:20.794  3695  3695 E AFS_CONFIG: Failed to get scene config
07-02 16:39:20.794  3695  3695 E OplusAfsManager: afsConfigSceneConfigGet sceneType is null
07-02 16:39:20.794  3695  3695 E OsenseResClient: osenseClrSceneAction: handle is illegal
07-02 16:39:20.797  3695  3695 E [OPLUS_AFS_CONFIG]: Failed to open AFS config file: /proc/oplus_afs_config/afs_config
07-02 16:39:20.798  3695  3695 E AFS_CONFIG: Failed to get scene config
07-02 16:39:20.798  3695  3695 E OplusAfsManager: afsConfigSceneConfigGet sceneType is null
07-02 16:39:20.827   706   706 E TlcKM   : lookup_operation: op 0xa72506d41dbd8095 not found
07-02 16:39:20.827   706   706 E TlcKM   : lookup_operation(session, operation_handle, &op) == -28
07-02 16:39:20.835   706   706 E TlcKM   : lookup_operation: op 0x30d2fc399e6e0a3f not found
07-02 16:39:20.835   706   706 E TlcKM   : lookup_operation(session, operation_handle, &op) == -28
07-02 16:39:20.838   706   706 E TlcKM   : lookup_operation: op 0xf435c65936ea2b1a not found
07-02 16:39:20.838   706   706 E TlcKM   : lookup_operation(session, operation_handle, &op) == -28
07-02 16:39:20.875  5819  5964 E PhFileGroupPop: Failed to add file group 
07-02 16:39:20.877  5819  5964 E PhFileGroupPop: Failed to add file group 
07-02 16:39:20.877  5819  5964 E PhFileGroupPop: Failed to add file group 
07-02 16:39:20.878  5819  5964 E PhFileGroupPop: Failed to add file group 
07-02 16:39:20.878  5819  5964 E PhFileGroupPop: Failed to add file group 
07-02 16:39:20.879  5819  5964 E PhFileGroupPop: Failed to add file group 
07-02 16:39:20.879  5819  5964 E PhFileGroupPop: Failed to add file group 
07-02 16:39:20.879  5819  5964 E PhFileGroupPop: Failed to add file group 
07-02 16:39:20.879  5819  5964 E PhFileGroupPop: Failed to add file group 
07-02 16:39:20.879  5819  5964 E PhFileGroupPop: Failed to add file group 
07-02 16:39:20.879  5819  5964 E PhFileGroupPop: Failed to add file group 
07-02 16:39:20.880  5819  5964 E PhFileGroupPop: Failed to add file group 
07-02 16:39:20.880  5819  5964 E PhFileGroupPop: Failed to add file group 
07-02 16:39:20.880  5819  5964 E PhFileGroupPop: Failed to add file group 
07-02 16:39:20.885  5819  5964 E PhFileGroupPop: Failed to add file group 
07-02 16:39:20.885  5819  5964 E PhFileGroupPop: Failed to add file group 
07-02 16:39:20.893  5819  5964 E LogUtil : FileGroupManager: Trying to add expired group webref-model-local-index.
07-02 16:39:20.894  5819  5964 E PhFileGroupPop: Failed to add file group
07-02 16:39:20.894  5819  5964 E PhFileGroupPop: eqxk
07-02 16:39:20.894  5819  5964 E PhFileGroupPop: 	at ergw.a(PG:1027)
07-02 16:39:20.894  5819  5964 E PhFileGroupPop: 	at ffkk.a(PG:17)
07-02 16:39:20.894  5819  5964 E PhFileGroupPop: 	at flwz.d(PG:3)
07-02 16:39:20.894  5819  5964 E PhFileGroupPop: 	at flxb.run(PG:47)
07-02 16:39:20.894  5819  5964 E PhFileGroupPop: 	at fmbf.run(PG:64)
07-02 16:39:20.894  5819  5964 E PhFileGroupPop: 	at encx.run(PG:7)
07-02 16:39:20.894  5819  5964 E PhFileGroupPop: 	at java.util.concurrent.ThreadPoolExecutor.runWorker(ThreadPoolExecutor.java:1100)
07-02 16:39:20.894  5819  5964 E PhFileGroupPop: 	at java.util.concurrent.ThreadPoolExecutor$Worker.run(ThreadPoolExecutor.java:624)
07-02 16:39:20.894  5819  5964 E PhFileGroupPop: 	at encb.run(PG:13)
07-02 16:39:20.894  5819  5964 E PhFileGroupPop: 	at java.lang.Thread.run(Thread.java:1572)
07-02 16:39:20.894  5819  5964 E PhFileGroupPop: 	at endu.run(PG:62)
07-02 16:39:20.947  2262  2277 E SensorService: Required app com.google.ccc.abuse.droidguard.events.b, uid 10111, pid 6014
07-02 16:39:20.949  1448  1448 E HfManager: gyro_config, set cali_gyro_data 0
07-02 16:39:20.958  2262  3853 E SensorService: Required app com.google.ccc.abuse.droidguard.events.b, uid 10111, pid 6014
07-02 16:39:20.959  1448  1448 E SensorManager: Correct handle(2) mindelay: 20000000 old: 10000000
07-02 16:39:20.979  2262 21680 E OplusStorageUFSBandwidth: storage_io_metrics_path is /proc/oplus_storage/io_metrics/forever/
07-02 16:39:20.979  1485  1501 E PerformanceService: storage_feature: open /proc/oplus_storage/io_metrics/forever//ufs_total_read_size_mb fail
07-02 16:39:20.981  1485  1500 E PerformanceService: storage_feature: open /proc/oplus_storage/io_metrics/forever//ufs_total_write_size_mb fail
07-02 16:39:20.981  2262 21680 E OplusStorageUFSBandwidth: Bandwidth - Read: 0.00 MB/s, Write: 0.00 MB/s
07-02 16:39:20.981  2262 21680 E OplusStorageUFSBandwidth: Task time: 3ms
07-02 16:39:20.987  2262 21680 E OplusStorageUFSBandwidth: Alarm set to trigger in 10 seconds
07-02 16:39:21.043   706   706 E TlcKM   : (keymaster_error_t)tci->response.header.returnCode == -1000
07-02 16:39:21.043   706   706 E TlcKM   : transact(session_handle, tci) == -1000
07-02 16:39:21.073   702 19179 E keystore2: system/security/keystore2/src/database.rs:1696 - transaction failed Trying to get access tuple.
07-02 16:39:21.073   702 19179 E keystore2: 
07-02 16:39:21.073   702 19179 E keystore2: Caused by:
07-02 16:39:21.073   702 19179 E keystore2:     0: With key.domain = r#APP.
07-02 16:39:21.073   702 19179 E keystore2:     1: system/security/keystore2/src/database.rs:2176
07-02 16:39:21.073   702 19179 E keystore2:     2: Error::Rc(r#KEY_NOT_FOUND), name:Some("TX_unbind_key")
07-02 16:39:21.127  1489  1585 E bms_heating: BmsHeatingCheckThread status: 0
07-02 16:39:21.174  3695  3695 E [OPLUS_AFS_CONFIG]: Failed to open AFS config file: /proc/oplus_afs_config/afs_config
07-02 16:39:21.174  3695  3695 E AFS_CONFIG: Failed to get scene config
07-02 16:39:21.174  3695  3695 E OplusAfsManager: afsConfigSceneConfigGet sceneType is null
07-02 16:39:21.305  1405  1456 E TetherController: property_get sys.radio.data.modem_share_flag return 0, 1!
07-02 16:39:21.318  5819  5966 E PhFileGroupPop: Failed to add file group 
07-02 16:39:21.321  5819  5966 E PhFileGroupPop: Failed to add file group 
07-02 16:39:21.322  5819  5966 E PhFileGroupPop: Failed to add file group 
07-02 16:39:21.323  5819  5966 E PhFileGroupPop: Failed to add file group 
07-02 16:39:21.323  5819  5966 E PhFileGroupPop: Failed to add file group 
07-02 16:39:21.323  5819  5966 E PhFileGroupPop: Failed to add file group 
07-02 16:39:21.323  5819  5966 E PhFileGroupPop: Failed to add file group 
07-02 16:39:21.323  5819  5966 E PhFileGroupPop: Failed to add file group 
07-02 16:39:21.323  5819  5966 E PhFileGroupPop: Failed to add file group 
07-02 16:39:21.324  5819  5966 E PhFileGroupPop: Failed to add file group 
07-02 16:39:21.324  5819  5966 E PhFileGroupPop: Failed to add file group 
07-02 16:39:21.324  5819  5966 E PhFileGroupPop: Failed to add file group 
07-02 16:39:21.324  5819  5966 E PhFileGroupPop: Failed to add file group 
07-02 16:39:21.324  5819  5966 E PhFileGroupPop: Failed to add file group 
07-02 16:39:21.333  5819  5966 E PhFileGroupPop: Failed to add file group 
07-02 16:39:21.334  5819  5966 E PhFileGroupPop: Failed to add file group 
07-02 16:39:21.340  5819  5966 E LogUtil : FileGroupManager: Trying to add expired group webref-model-local-index.
07-02 16:39:21.341  5819  5966 E PhFileGroupPop: Failed to add file group
07-02 16:39:21.341  5819  5966 E PhFileGroupPop: eqxk
07-02 16:39:21.341  5819  5966 E PhFileGroupPop: 	at ergw.a(PG:1027)
07-02 16:39:21.341  5819  5966 E PhFileGroupPop: 	at ffkk.a(PG:17)
07-02 16:39:21.341  5819  5966 E PhFileGroupPop: 	at flwz.d(PG:3)
07-02 16:39:21.341  5819  5966 E PhFileGroupPop: 	at flxb.run(PG:47)
07-02 16:39:21.341  5819  5966 E PhFileGroupPop: 	at fmbf.run(PG:64)
07-02 16:39:21.341  5819  5966 E PhFileGroupPop: 	at encx.run(PG:7)
07-02 16:39:21.341  5819  5966 E PhFileGroupPop: 	at java.util.concurrent.ThreadPoolExecutor.runWorker(ThreadPoolExecutor.java:1100)
07-02 16:39:21.341  5819  5966 E PhFileGroupPop: 	at java.util.concurrent.ThreadPoolExecutor$Worker.run(ThreadPoolExecutor.java:624)
07-02 16:39:21.341  5819  5966 E PhFileGroupPop: 	at encb.run(PG:13)
07-02 16:39:21.341  5819  5966 E PhFileGroupPop: 	at java.lang.Thread.run(Thread.java:1572)
07-02 16:39:21.341  5819  5966 E PhFileGroupPop: 	at endu.run(PG:62)
07-02 16:39:21.616  1405  1456 E         : destroyAllSocketForUid:10089
07-02 16:39:22.128  1489  1585 E bms_heating: BmsHeatingCheckThread status: 0
07-02 16:39:22.626  2262  2277 E SensorService: Required app com.google.ccc.abuse.droidguard.events.b, uid 10111, pid 6014
07-02 16:39:22.629  2262  2277 E SensorService: Required app com.google.ccc.abuse.droidguard.events.b, uid 10111, pid 6014
07-02 16:39:22.708   706   706 E TlcKM   : (keymaster_error_t)tci->response.header.returnCode == -1000
07-02 16:39:22.708   706   706 E TlcKM   : transact(session_handle, tci) == -1000
07-02 16:39:22.794   702 19179 E keystore2: system/security/keystore2/src/database.rs:1696 - transaction failed Trying to get access tuple.
07-02 16:39:22.794   702 19179 E keystore2: 
07-02 16:39:22.794   702 19179 E keystore2: Caused by:
07-02 16:39:22.794   702 19179 E keystore2:     0: With key.domain = r#APP.
07-02 16:39:22.794   702 19179 E keystore2:     1: system/security/keystore2/src/database.rs:2176
07-02 16:39:22.794   702 19179 E keystore2:     2: Error::Rc(r#KEY_NOT_FOUND), name:Some("TX_unbind_key")
07-02 16:39:22.982  2262 21680 E OplusStorageUFSBandwidth: storage_io_metrics_path is /proc/oplus_storage/io_metrics/forever/
07-02 16:39:22.982  1485  1500 E PerformanceService: storage_feature: open /proc/oplus_storage/io_metrics/forever//ufs_total_read_size_mb fail
07-02 16:39:22.984  1485  1500 E PerformanceService: storage_feature: open /proc/oplus_storage/io_metrics/forever//ufs_total_write_size_mb fail
07-02 16:39:22.984  2262 21680 E OplusStorageUFSBandwidth: Bandwidth - Read: 0.00 MB/s, Write: 0.00 MB/s
07-02 16:39:22.984  2262 21680 E OplusStorageUFSBandwidth: Task time: 2ms
07-02 16:39:22.988  2262 21680 E OplusStorageUFSBandwidth: Alarm set to trigger in 10 seconds
07-02 16:39:23.119  1485  1500 E PerformanceService: storage_feature: open /sys/devices/platform/soc/112b0000.ufshci//virtualtlcbuff fail
07-02 16:39:23.128  1489  1585 E bms_heating: BmsHeatingCheckThread status: 0
07-02 16:39:24.129  1489  1585 E bms_heating: BmsHeatingCheckThread status: 0
07-02 16:39:24.350  1489  1571 E ChargerInfo: SingleHyperPath not found
07-02 16:39:24.353  1489  1571 E ChargerInfo: SingleHyperPath not found
07-02 16:39:24.357  2262  2277 E SensorService: Required app com.google.ccc.abuse.droidguard.events.b, uid 10111, pid 6014
07-02 16:39:24.360  2262  2262 E ChargeIntentReceiver: notifyChange failed
07-02 16:39:24.361  2262  2277 E SensorService: Required app com.google.ccc.abuse.droidguard.events.b, uid 10111, pid 6014
07-02 16:39:24.364  7769  7769 E VendorNfcService: changeNfcStateByWirelessCharge: feature WIRELESS_CHARGING = true; mIsWirelessCharging: false; mIsReverseChargingSwitchOpen: false; nfcWorkMode: 0; isOverSeaRegion = true
07-02 16:39:24.371 16904 15718 E Battery : BatteryCardUtil: widgetCodes is empty !
07-02 16:39:24.372  5090 16531 E midasd  : getTotalFlipsFromSf mCurFrameCount: 11788115
07-02 16:39:24.380 16904 17504 E Battery : ChargeProtectionUtils: First Alarm is Thu Jul 02 17:00:00 GMT+05:30 2026, nowRtc  = Thu Jul 02 16:39:24 GMT+05:30 2026, too close , ignore it.
07-02 16:39:24.380 16904 17504 E Battery : ChargeProtectionUtils: mCanlendarTmp.isEmpty()!
07-02 16:39:24.401  1405  1456 E TetherController: property_get sys.radio.data.modem_share_flag return 0, 1!
07-02 16:39:24.430   706   706 E TlcKM   : (keymaster_error_t)tci->response.header.returnCode == -1000
07-02 16:39:24.430   706   706 E TlcKM   : transact(session_handle, tci) == -1000
07-02 16:39:24.460  2262  2440 E BatteryStatsImplExtImpl: get RefreshCounts failed
07-02 16:39:24.468   702 19179 E keystore2: system/security/keystore2/src/database.rs:1696 - transaction failed Trying to get access tuple.
07-02 16:39:24.468   702 19179 E keystore2: 
07-02 16:39:24.468   702 19179 E keystore2: Caused by:
07-02 16:39:24.468   702 19179 E keystore2:     0: With key.domain = r#APP.
07-02 16:39:24.468   702 19179 E keystore2:     1: system/security/keystore2/src/database.rs:2176
07-02 16:39:24.468   702 19179 E keystore2:     2: Error::Rc(r#KEY_NOT_FOUND), name:Some("TX_unbind_key")
07-02 16:39:24.985  2262 21680 E OplusStorageUFSBandwidth: storage_io_metrics_path is /proc/oplus_storage/io_metrics/forever/
07-02 16:39:24.986  1485  1500 E PerformanceService: storage_feature: open /proc/oplus_storage/io_metrics/forever//ufs_total_read_size_mb fail
07-02 16:39:24.986  1485  1501 E PerformanceService: storage_feature: open /proc/oplus_storage/io_metrics/forever//ufs_total_write_size_mb fail
07-02 16:39:24.987  2262 21680 E OplusStorageUFSBandwidth: Bandwidth - Read: 0.00 MB/s, Write: 0.00 MB/s
07-02 16:39:24.987  2262 21680 E OplusStorageUFSBandwidth: Task time: 2ms
07-02 16:39:24.991  2262 21680 E OplusStorageUFSBandwidth: Alarm set to trigger in 10 seconds
07-02 16:39:25.130  1489  1585 E bms_heating: BmsHeatingCheckThread status: 0
07-02 16:39:25.582  1049  1049 E fb4a.SlowAppComponent: 0ms: SystemJobService instantiating…
07-02 16:39:25.582  1049  1049 E fb4a.SlowAppComponent: Main thread was blocked for 24ms in the background starting with SystemJobService
07-02 16:39:25.598  6209  6209 E book.appmanager: Unknown bits set in runtime_flags: 0x40000000
07-02 16:39:25.761  6209  6235 E SoLoader: Checking /data/app missing libraries.
07-02 16:39:25.762  6209  6235 E SoLoader: Successfully recovered from /data/app disk failure.
07-02 16:39:25.763  6209  6235 E SoLoader: Checking /data/data missing libraries.
07-02 16:39:25.763  6209  6235 E SoLoader: No libraries missing from unpacking so paths while recovering /data/data failure
07-02 16:39:25.765  6209  6209 E [UAH_CLIENT]: uahInit enter
07-02 16:39:25.790  6209  6209 E SchedAssist: open sharedFd failed with error=No such file or directory
07-02 16:39:25.790  6209  6209 E SchedAssist: open sharedFd failed with error=No such file or directory
07-02 16:39:25.790  6209  6209 E SchedAssist: open sharedFd failed with error=Permission denied
07-02 16:39:25.790  6209  6209 E SchedAssist: open sharedFd failed with error=Permission denied
07-02 16:39:25.949  6254  6254 E facebook.system: Unknown bits set in runtime_flags: 0x40000000
07-02 16:39:26.089  6209  6252 E ActivityThread: Failed to find provider info for com.facebook.appmanager.nekodirect
07-02 16:39:26.116  2262  3366 E SensorService: Required app com.google.ccc.abuse.droidguard.events.b, uid 10111, pid 6014
07-02 16:39:26.118  2262  3366 E SensorService: Required app com.google.ccc.abuse.droidguard.events.b, uid 10111, pid 6014
07-02 16:39:26.130  1489  1585 E bms_heating: BmsHeatingCheckThread status: 0
07-02 16:39:26.144  6209  6270 E ashmem  : Pinning is deprecated since Android Q. Please use trim or other methods.
07-02 16:39:26.179   706   706 E TlcKM   : (keymaster_error_t)tci->response.header.returnCode == -1000
07-02 16:39:26.179   706   706 E TlcKM   : transact(session_handle, tci) == -1000
07-02 16:39:26.275   702 19179 E keystore2: system/security/keystore2/src/database.rs:1696 - transaction failed Trying to get access tuple.
07-02 16:39:26.275   702 19179 E keystore2: 
07-02 16:39:26.275   702 19179 E keystore2: Caused by:
07-02 16:39:26.275   702 19179 E keystore2:     0: With key.domain = r#APP.
07-02 16:39:26.275   702 19179 E keystore2:     1: system/security/keystore2/src/database.rs:2176
07-02 16:39:26.275   702 19179 E keystore2:     2: Error::Rc(r#KEY_NOT_FOUND), name:Some("TX_unbind_key")
07-02 16:39:26.987  2262 21680 E OplusStorageUFSBandwidth: storage_io_metrics_path is /proc/oplus_storage/io_metrics/forever/
07-02 16:39:26.988  1485  1500 E PerformanceService: storage_feature: open /proc/oplus_storage/io_metrics/forever//ufs_total_read_size_mb fail
07-02 16:39:26.989  1485  1501 E PerformanceService: storage_feature: open /proc/oplus_storage/io_metrics/forever//ufs_total_write_size_mb fail
07-02 16:39:26.989  2262 21680 E OplusStorageUFSBandwidth: Bandwidth - Read: 0.00 MB/s, Write: 0.00 MB/s
07-02 16:39:26.989  2262 21680 E OplusStorageUFSBandwidth: Task time: 2ms
07-02 16:39:26.997  2262 21680 E OplusStorageUFSBandwidth: Alarm set to trigger in 10 seconds
07-02 16:39:27.131  1489  1585 E bms_heating: BmsHeatingCheckThread status: 0
07-02 16:39:27.188  3695  3794 E PackageUtils[u0]: checkPackageExist Exception: android.content.pm.PackageManager$NameNotFoundException: com.heytap.quicksearchbox
07-02 16:39:27.202  3612  3612 E SmsApplication: com.android.mms lost android:read_cell_broadcasts:  (fixing)
07-02 16:39:27.682 22717 24934 E SG::OCSCacheHelper: checkFromPackageReceiver resolvedInfo is empty,pkg = com.facebook.appmanager
07-02 16:39:27.952  1448  1448 E SensorManager: Correct handle(2) mindelay: 20000000 old: 10000000
07-02 16:39:27.955  1448  1448 E SensorManager: Correct handle(2) mindelay: 20000000 old: 10000000
07-02 16:39:27.964  1448  1448 E SensorManager: Correct handle(2) mindelay: 20000000 old: 10000000
07-02 16:39:27.972  1448  1448 E HfManager: gyro_config, set cali_gyro_data 0
07-02 16:39:28.059   484   484 E lowmemorykiller: device has enough memory 2203220Kib, freeMemory 210908Kib, cmafree 4468Kib, file_cache 1764096Kib, disable killing (limit_killing:819200Kib)
07-02 16:39:28.119  1485  1500 E PerformanceService: storage_feature: open /sys/devices/platform/soc/112b0000.ufshci//virtualtlcbuff fail
07-02 16:39:28.132  1489  1585 E bms_heating: BmsHeatingCheckThread status: 0
07-02 16:39:28.363   484   484 E lowmemorykiller: device has enough memory 2203456Kib, freeMemory 252092Kib, cmafree 1572Kib, file_cache 1723352Kib, disable killing (limit_killing:819200Kib)
07-02 16:39:28.395  5819  5819 E SchedAssist: open sharedFd failed with error=No such file or directory
07-02 16:39:28.395  5819  5819 E SchedAssist: open sharedFd failed with error=No such file or directory
07-02 16:39:28.400 17217 12061 E MIDASApplication: MIDASPullAtomManager: onPullAtom 150122
07-02 16:39:28.767   484   484 E lowmemorykiller: device has enough memory 2199464Kib, freeMemory 248360Kib, cmafree 588Kib, file_cache 1727220Kib, disable killing (limit_killing:819200Kib)
07-02 16:39:28.992  2262 21680 E OplusStorageUFSBandwidth: storage_io_metrics_path is /proc/oplus_storage/io_metrics/forever/
07-02 16:39:28.994  1485  1500 E PerformanceService: storage_feature: open /proc/oplus_storage/io_metrics/forever//ufs_total_read_size_mb fail
07-02 16:39:28.995  1485  1500 E PerformanceService: storage_feature: open /proc/oplus_storage/io_metrics/forever//ufs_total_write_size_mb fail
07-02 16:39:28.996  2262 21680 E OplusStorageUFSBandwidth: Bandwidth - Read: 0.00 MB/s, Write: 0.00 MB/s
07-02 16:39:28.997  2262 21680 E OplusStorageUFSBandwidth: Task time: 5ms
07-02 16:39:29.001  2262 21680 E OplusStorageUFSBandwidth: Alarm set to trigger in 10 seconds
07-02 16:39:29.073   484   484 E lowmemorykiller: device has enough memory 2202760Kib, freeMemory 250432Kib, cmafree 632Kib, file_cache 1728480Kib, disable killing (limit_killing:819200Kib)
07-02 16:39:29.133  1489  1585 E bms_heating: BmsHeatingCheckThread status: 0
07-02 16:39:29.192  3612  3612 E SmsApplication: com.android.mms lost android:read_cell_broadcasts:  (fixing)
07-02 16:39:30.135  1489  1585 E bms_heating: BmsHeatingCheckThread status: 0
07-02 16:39:30.164   484   484 E lowmemorykiller: device has enough memory 2200632Kib, freeMemory 247668Kib, cmafree 348Kib, file_cache 1729116Kib, disable killing (limit_killing:819200Kib)
07-02 16:39:30.246  1489  1571 E ChargerInfo: SingleHyperPath not found
07-02 16:39:30.260  1489  1571 E ChargerInfo: SingleHyperPath not found
07-02 16:39:30.999  2262 21680 E OplusStorageUFSBandwidth: storage_io_metrics_path is /proc/oplus_storage/io_metrics/forever/
07-02 16:39:31.000  1485  1500 E PerformanceService: storage_feature: open /proc/oplus_storage/io_metrics/forever//ufs_total_read_size_mb fail
07-02 16:39:31.002  1485  1501 E PerformanceService: storage_feature: open /proc/oplus_storage/io_metrics/forever//ufs_total_write_size_mb fail
07-02 16:39:31.003  2262 21680 E OplusStorageUFSBandwidth: Bandwidth - Read: 0.00 MB/s, Write: 0.00 MB/s
07-02 16:39:31.003  2262 21680 E OplusStorageUFSBandwidth: Task time: 4ms
07-02 16:39:31.011  2262 21680 E OplusStorageUFSBandwidth: Alarm set to trigger in 10 seconds
07-02 16:39:31.136  1489  1585 E bms_heating: BmsHeatingCheckThread status: 0
07-02 16:39:32.138  1489  1585 E bms_heating: BmsHeatingCheckThread status: 0
07-02 16:39:32.909  3612  3612 E SatelliteController: registerForSatelliteModemStateChanged: mSatelliteSessionController is not initialized yet
07-02 16:39:32.916  3612  3612 E SatelliteController: registerForSatelliteModemStateChanged: mSatelliteSessionController is not initialized yet
07-02 16:39:33.003  2262 21680 E OplusStorageUFSBandwidth: storage_io_metrics_path is /proc/oplus_storage/io_metrics/forever/
07-02 16:39:33.003  1485  1501 E PerformanceService: storage_feature: open /proc/oplus_storage/io_metrics/forever//ufs_total_read_size_mb fail
07-02 16:39:33.004  1485  1501 E PerformanceService: storage_feature: open /proc/oplus_storage/io_metrics/forever//ufs_total_write_size_mb fail
07-02 16:39:33.005  2262 21680 E OplusStorageUFSBandwidth: Bandwidth - Read: 0.00 MB/s, Write: 0.00 MB/s
07-02 16:39:33.005  2262 21680 E OplusStorageUFSBandwidth: Task time: 2ms
07-02 16:39:33.007  2262 21680 E OplusStorageUFSBandwidth: Alarm set to trigger in 10 seconds
07-02 16:39:33.122  1485  1501 E PerformanceService: storage_feature: open /sys/devices/platform/soc/112b0000.ufshci//virtualtlcbuff fail
07-02 16:39:33.139  1489  1585 E bms_heating: BmsHeatingCheckThread status: 0
07-02 16:39:34.140  1489  1585 E bms_heating: BmsHeatingCheckThread status: 0
07-02 16:39:35.007  2262 21680 E OplusStorageUFSBandwidth: storage_io_metrics_path is /proc/oplus_storage/io_metrics/forever/
07-02 16:39:35.009  1485  1501 E PerformanceService: storage_feature: open /proc/oplus_storage/io_metrics/forever//ufs_total_read_size_mb fail
07-02 16:39:35.010  1485  1500 E PerformanceService: storage_feature: open /proc/oplus_storage/io_metrics/forever//ufs_total_write_size_mb fail
07-02 16:39:35.011  2262 21680 E OplusStorageUFSBandwidth: Bandwidth - Read: 0.00 MB/s, Write: 0.00 MB/s
07-02 16:39:35.011  2262 21680 E OplusStorageUFSBandwidth: Task time: 4ms
07-02 16:39:35.018  2262 21680 E OplusStorageUFSBandwidth: Alarm set to trigger in 10 seconds
07-02 16:39:35.142  1489  1585 E bms_heating: BmsHeatingCheckThread status: 0
07-02 16:39:35.364  1489  1571 E ChargerInfo: SingleHyperPath not found
07-02 16:39:35.368  1489  1571 E ChargerInfo: SingleHyperPath not found
07-02 16:39:36.143  1489  1585 E bms_heating: BmsHeatingCheckThread status: 0
07-02 16:39:36.370  1448  1517 E VirtualSensors: pedo minute, step_count = 64882, report_count = 16260 move_statust = 0 ,time_gap = 0 , step_run_count = 2479 , step_walk_count = 62403
07-02 16:39:36.372  1448  1517 E VirtualSensors: post_events : call
07-02 16:39:37.013  2262 21680 E OplusStorageUFSBandwidth: storage_io_metrics_path is /proc/oplus_storage/io_metrics/forever/
07-02 16:39:37.014  1485  1500 E PerformanceService: storage_feature: open /proc/oplus_storage/io_metrics/forever//ufs_total_read_size_mb fail
07-02 16:39:37.015  1485  1501 E PerformanceService: storage_feature: open /proc/oplus_storage/io_metrics/forever//ufs_total_write_size_mb fail
07-02 16:39:37.016  2262 21680 E OplusStorageUFSBandwidth: Bandwidth - Read: 0.00 MB/s, Write: 0.00 MB/s
07-02 16:39:37.017  2262 21680 E OplusStorageUFSBandwidth: Task time: 4ms
07-02 16:39:37.027  2262 21680 E OplusStorageUFSBandwidth: Alarm set to trigger in 10 seconds
07-02 16:39:37.145  1489  1585 E bms_heating: BmsHeatingCheckThread status: 0
07-02 16:39:38.121  1485  1501 E PerformanceService: storage_feature: open /sys/devices/platform/soc/112b0000.ufshci//virtualtlcbuff fail
07-02 16:39:38.146  1489  1585 E bms_heating: BmsHeatingCheckThread status: 0
07-02 16:39:38.677   701  6779 E android.system.suspend-service: Error opening wakeup28/name for wakeup28: Permission denied
07-02 16:39:38.677   701  6779 E android.system.suspend-service: Error opening wakeup28/active_count for wakeup28: Permission denied
07-02 16:39:38.678   701  6779 E android.system.suspend-service: Error opening wakeup28/last_change_ms for wakeup28: Permission denied
07-02 16:39:38.678   701  6779 E android.system.suspend-service: Error opening wakeup28/max_time_ms for wakeup28: Permission denied
07-02 16:39:38.678   701  6779 E android.system.suspend-service: Error opening wakeup28/total_time_ms for wakeup28: Permission denied
07-02 16:39:38.678   701  6779 E android.system.suspend-service: Error opening wakeup28/active_time_ms for wakeup28: Permission denied
07-02 16:39:38.678   701  6779 E android.system.suspend-service: Error opening wakeup28/event_count for wakeup28: Permission denied
07-02 16:39:38.678   701  6779 E android.system.suspend-service: Error opening wakeup28/expire_count for wakeup28: Permission denied
07-02 16:39:38.678   701  6779 E android.system.suspend-service: Error opening wakeup28/prevent_suspend_time_ms for wakeup28: Permission denied
07-02 16:39:38.679   701  6779 E android.system.suspend-service: Error opening wakeup28/wakeup_count for wakeup28: Permission denied
07-02 16:39:38.696   701  6779 E android.system.suspend-service: Error opening wakeup30/name for wakeup30: Permission denied
07-02 16:39:38.696   701  6779 E android.system.suspend-service: Error opening wakeup30/active_count for wakeup30: Permission denied
07-02 16:39:38.696   701  6779 E android.system.suspend-service: Error opening wakeup30/last_change_ms for wakeup30: Permission denied
07-02 16:39:38.696   701  6779 E android.system.suspend-service: Error opening wakeup30/max_time_ms for wakeup30: Permission denied
07-02 16:39:38.696   701  6779 E android.system.suspend-service: Error opening wakeup30/total_time_ms for wakeup30: Permission denied
07-02 16:39:38.696   701  6779 E android.system.suspend-service: Error opening wakeup30/active_time_ms for wakeup30: Permission denied
07-02 16:39:38.696   701  6779 E android.system.suspend-service: Error opening wakeup30/event_count for wakeup30: Permission denied
07-02 16:39:38.696   701  6779 E android.system.suspend-service: Error opening wakeup30/expire_count for wakeup30: Permission denied
07-02 16:39:38.696   701  6779 E android.system.suspend-service: Error opening wakeup30/prevent_suspend_time_ms for wakeup30: Permission denied
07-02 16:39:38.696   701  6779 E android.system.suspend-service: Error opening wakeup30/wakeup_count for wakeup30: Permission denied
07-02 16:39:38.699   701  6779 E android.system.suspend-service: Error opening wakeup29/name for wakeup29: Permission denied
07-02 16:39:38.699   701  6779 E android.system.suspend-service: Error opening wakeup29/active_count for wakeup29: Permission denied
07-02 16:39:38.699   701  6779 E android.system.suspend-service: Error opening wakeup29/last_change_ms for wakeup29: Permission denied
07-02 16:39:38.700   701  6779 E android.system.suspend-service: Error opening wakeup29/max_time_ms for wakeup29: Permission denied
07-02 16:39:38.700   701  6779 E android.system.suspend-service: Error opening wakeup29/total_time_ms for wakeup29: Permission denied
07-02 16:39:38.700   701  6779 E android.system.suspend-service: Error opening wakeup29/active_time_ms for wakeup29: Permission denied
07-02 16:39:38.700   701  6779 E android.system.suspend-service: Error opening wakeup29/event_count for wakeup29: Permission denied
07-02 16:39:38.700   701  6779 E android.system.suspend-service: Error opening wakeup29/expire_count for wakeup29: Permission denied
07-02 16:39:38.700   701  6779 E android.system.suspend-service: Error opening wakeup29/prevent_suspend_time_ms for wakeup29: Permission denied
07-02 16:39:38.700   701  6779 E android.system.suspend-service: Error opening wakeup29/wakeup_count for wakeup29: Permission denied
07-02 16:39:38.702   701  6779 E android.system.suspend-service: Error opening wakeup27/name for wakeup27: Permission denied
07-02 16:39:38.702   701  6779 E android.system.suspend-service: Error opening wakeup27/active_count for wakeup27: Permission denied
07-02 16:39:38.702   701  6779 E android.system.suspend-service: Error opening wakeup27/last_change_ms for wakeup27: Permission denied
07-02 16:39:38.702   701  6779 E android.system.suspend-service: Error opening wakeup27/max_time_ms for wakeup27: Permission denied
07-02 16:39:38.702   701  6779 E android.system.suspend-service: Error opening wakeup27/total_time_ms for wakeup27: Permission denied
07-02 16:39:38.702   701  6779 E android.system.suspend-service: Error opening wakeup27/active_time_ms for wakeup27: Permission denied
07-02 16:39:38.702   701  6779 E android.system.suspend-service: Error opening wakeup27/event_count for wakeup27: Permission denied
07-02 16:39:38.702   701  6779 E android.system.suspend-service: Error opening wakeup27/expire_count for wakeup27: Permission denied
07-02 16:39:38.702   701  6779 E android.system.suspend-service: Error opening wakeup27/prevent_suspend_time_ms for wakeup27: Permission denied
07-02 16:39:38.702   701  6779 E android.system.suspend-service: Error opening wakeup27/wakeup_count for wakeup27: Permission denied
07-02 16:39:38.703   701  6779 E android.system.suspend-service: Error opening wakeup17/name for wakeup17: Permission denied
07-02 16:39:38.703   701  6779 E android.system.suspend-service: Error opening wakeup17/active_count for wakeup17: Permission denied
07-02 16:39:38.703   701  6779 E android.system.suspend-service: Error opening wakeup17/last_change_ms for wakeup17: Permission denied
07-02 16:39:38.703   701  6779 E android.system.suspend-service: Error opening wakeup17/max_time_ms for wakeup17: Permission denied
07-02 16:39:38.703   701  6779 E android.system.suspend-service: Error opening wakeup17/total_time_ms for wakeup17: Permission denied
07-02 16:39:38.703   701  6779 E android.system.suspend-service: Error opening wakeup17/active_time_ms for wakeup17: Permission denied
07-02 16:39:38.703   701  6779 E android.system.suspend-service: Error opening wakeup17/event_count for wakeup17: Permission denied
07-02 16:39:38.703   701  6779 E android.system.suspend-service: Error opening wakeup17/expire_count for wakeup17: Permission denied
07-02 16:39:38.703   701  6779 E android.system.suspend-service: Error opening wakeup17/prevent_suspend_time_ms for wakeup17: Permission denied
07-02 16:39:38.703   701  6779 E android.system.suspend-service: Error opening wakeup17/wakeup_count for wakeup17: Permission denied
07-02 16:39:38.753 16497 16497 E ServiceMessengerHelper: handleSendErrorResponse error 2
07-02 16:39:38.757  1405 27930 E TetherController: property_get sys.radio.data.modem_share_flag return 0, 1!
07-02 16:39:39.018  2262 21680 E OplusStorageUFSBandwidth: storage_io_metrics_path is /proc/oplus_storage/io_metrics/forever/
07-02 16:39:39.019  1485  1501 E PerformanceService: storage_feature: open /proc/oplus_storage/io_metrics/forever//ufs_total_read_size_mb fail
07-02 16:39:39.019  1485  1501 E PerformanceService: storage_feature: open /proc/oplus_storage/io_metrics/forever//ufs_total_write_size_mb fail
07-02 16:39:39.019  3316  3316 E IJankManager: slideSceneEnd unknown scene 1000 mScene:-1
07-02 16:39:39.019  2262 21680 E OplusStorageUFSBandwidth: Bandwidth - Read: 0.00 MB/s, Write: 0.00 MB/s
07-02 16:39:39.019  2262 21680 E OplusStorageUFSBandwidth: Task time: 1ms
07-02 16:39:39.025  2262 21680 E OplusStorageUFSBandwidth: Alarm set to trigger in 10 seconds
07-02 16:39:39.093  3316  3316 E [OPLUS_AFS_CONFIG]: Failed to open AFS config file: /proc/oplus_afs_config/afs_config
07-02 16:39:39.093  3316  3316 E AFS_CONFIG: Failed to get scene config
07-02 16:39:39.093  3316  3316 E OplusAfsManager: afsConfigSceneConfigGet sceneType is null
07-02 16:39:39.093  3316  3316 E IJankManager: latencySceneEnd unknown scene 40 mScene:-1
07-02 16:39:39.093  3316  3316 E [OPLUS_AFS_CONFIG]: Failed to open AFS config file: /proc/oplus_afs_config/afs_config
07-02 16:39:39.093  3316  3316 E AFS_CONFIG: Failed to get scene config
07-02 16:39:39.093  3316  3316 E OplusAfsManager: afsConfigSceneConfigGet sceneType is null
07-02 16:39:39.093  3316  3316 E IJankManager: latencySceneEnd unknown scene 42 mScene:-1
07-02 16:39:39.126  2262  2669 E HandwritingModeController: Cannot get requestId: Handwriting was not initialized.
07-02 16:39:39.146  1489  1585 E bms_heating: BmsHeatingCheckThread status: 0
07-02 16:39:39.175  2262  3107 E UAH-Framework: invalid window type -1
07-02 16:39:39.241  1489  1571 E ChargerInfo: SingleHyperPath not found
07-02 16:39:39.265  2262  2262 E OplusGestureAnimationManagerPolicy: mScreenHeight:2412 mScreenWidth:1080 mRotation:0
07-02 16:39:39.276  1489  1571 E ChargerInfo: SingleHyperPath not found
07-02 16:39:39.353  4742  4791 E ScreenCapture: Failed to generate screen capture. Error code: -22
07-02 16:39:39.410  3316  3316 E [OPLUS_AFS_CONFIG]: Failed to open AFS config file: /proc/oplus_afs_config/afs_config
07-02 16:39:39.410  3316  3316 E AFS_CONFIG: Failed to get scene config
07-02 16:39:39.410  3316  3316 E OplusAfsManager: afsConfigSceneConfigGet sceneType is null
07-02 16:39:39.706  3316  3316 E [OPLUS_AFS_CONFIG]: Failed to open AFS config file: /proc/oplus_afs_config/afs_config
07-02 16:39:39.706  3316  3316 E AFS_CONFIG: Failed to get scene config
07-02 16:39:39.706  3316  3316 E OplusAfsManager: afsConfigSceneConfigGet sceneType is null
07-02 16:39:39.709  2262  2277 E OplusInputManagerService_jni: updateInvalidRegion start!!!
07-02 16:39:39.709  2262  2277 E InputDispatcherExtImpl: rectF left: 0.000000, top: 2356.000000, right: 1080.000000, bottom: 2412.000000 offset_left: 0.000000, offset_top: 0.000000, offset_right: 0.000000, offset_bottom: 0.000000, isClosedRegion:0
07-02 16:39:39.709  2262  2277 E OplusInputManagerService_jni: updateInvalidRegion start!!!
07-02 16:39:39.710  2262  2277 E OplusInputManagerService_jni: updateInvalidRegion start!!!
07-02 16:39:39.784  1489  1571 E ChargerInfo: SingleHyperPath not found
07-02 16:39:39.786  6348  6348 E mcs.biz.message: Unknown bits set in runtime_flags: 0x40000000
07-02 16:39:40.147  1489  1585 E bms_heating: BmsHeatingCheckThread status: 0
07-02 16:39:40.385  3316  3316 E IJankManager: slideSceneEnd unknown scene 1000 mScene:-1
07-02 16:39:40.469  3316  3316 E [OPLUS_AFS_CONFIG]: Failed to open AFS config file: /proc/oplus_afs_config/afs_config
07-02 16:39:40.469  3316  3316 E AFS_CONFIG: Failed to get scene config
07-02 16:39:40.469  3316  3316 E OplusAfsManager: afsConfigSceneConfigGet sceneType is null
07-02 16:39:40.469  3316  3316 E IJankManager: latencySceneEnd unknown scene 4 mScene:-1
07-02 16:39:40.477  3316  3316 E LockScreenNotificationDispatcherImp: updateNotificationListOnKg size:0
07-02 16:39:40.489  2262  2619 E JobScheduler.Background: Couldn't determine stopped state for unknown package: com.oplus.onet
07-02 16:39:40.494  3316  3316 E OplusNotificationPullDownAnimationExImpl: updateShelfPosition, error! ambientState=com.android.systemui.statusbar.notification.stack.AmbientState@a6642b1, shelfViewState=com.android.systemui.statusbar.NotificationShelf$ShelfState@bc28396, lastViewState=null, stackLayout=com.android.systemui.statusbar.notification.stack.NotificationStackScrollLayout{1edeb17 V.E...... ......ID 0,0-1080,2289 #7f0a08ee app:id/notification_stack_scroller alpha=1.0 viewInfo = }, shelfEx=com.oplus.systemui.notification.row.OplusShelfExImpl@ab84b04
07-02 16:39:40.508  3316  3316 E [OPLUS_AFS_CONFIG]: Failed to open AFS config file: /proc/oplus_afs_config/afs_config
07-02 16:39:40.508  3316  3316 E AFS_CONFIG: Failed to get scene config
07-02 16:39:40.508  3316  3316 E OplusAfsManager: afsConfigSceneConfigGet sceneType is null
07-02 16:39:40.508  3316  3316 E IJankManager: latencySceneEnd unknown scene 45 mScene:-1
07-02 16:39:40.518  3316  3316 E OplusNotificationPullDownAnimationExImpl: updateShelfPosition, error! ambientState=com.android.systemui.statusbar.notification.stack.AmbientState@a6642b1, shelfViewState=com.android.systemui.statusbar.NotificationShelf$ShelfState@bc28396, lastViewState=null, stackLayout=com.android.systemui.statusbar.notification.stack.NotificationStackScrollLayout{1edeb17 V.E...... ......ID 0,0-1080,2289 #7f0a08ee app:id/notification_stack_scroller alpha=1.0 viewInfo = }, shelfEx=com.oplus.systemui.notification.row.OplusShelfExImpl@ab84b04
07-02 16:39:40.527  3316  3316 E LockScreenNotificationDispatcherImp: updateNotificationListOnKg size:0
07-02 16:39:40.544  3316  3316 E LockScreenNotificationDispatcherImp: updateNotificationListOnKg size:0
07-02 16:39:40.645  4671  4982 E msys    : E[N mns:TigonMNS]_OnResolverSuccess(359)=>Cache refresh succeeded with system DNS resolver. IP count: 2
07-02 16:39:40.663  3316  3316 E OplusNotificationPullDownAnimationExImpl: updateShelfPosition, error! ambientState=com.android.systemui.statusbar.notification.stack.AmbientState@a6642b1, shelfViewState=com.android.systemui.statusbar.NotificationShelf$ShelfState@bc28396, lastViewState=null, stackLayout=com.android.systemui.statusbar.notification.stack.NotificationStackScrollLayout{1edeb17 V.E...... ......ID 0,0-1080,2289 #7f0a08ee app:id/notification_stack_scroller alpha=1.0 viewInfo = }, shelfEx=com.oplus.systemui.notification.row.OplusShelfExImpl@ab84b04
07-02 16:39:40.744  1554  2073 E AudioPolicyInterfaceImpl: checkSessionHasActiveClient mSessionLatestHandleList has no port for session = 51609
07-02 16:39:40.752  1554  7661 E audio_pcm_dump: check_pcm_path : create path /data/persist_log fail 17
07-02 16:39:40.753  1554  7661 E audio_pcm_dump: check_pcm_path failed.
07-02 16:39:40.753  1554  7661 E audio_pcm_dump: check_pcm_path : create path /data/persist_log fail 17
07-02 16:39:40.753  1554  7661 E audio_pcm_dump: check_pcm_path failed.
07-02 16:39:40.761  3316  3316 E OplusNotificationPullDownAnimationExImpl: updateShelfPosition, error! ambientState=com.android.systemui.statusbar.notification.stack.AmbientState@a6642b1, shelfViewState=com.android.systemui.statusbar.NotificationShelf$ShelfState@bc28396, lastViewState=null, stackLayout=com.android.systemui.statusbar.notification.stack.NotificationStackScrollLayout{1edeb17 V.E...... ......ID 0,0-1080,2289 #7f0a08ee app:id/notification_stack_scroller alpha=1.0 viewInfo = }, shelfEx=com.oplus.systemui.notification.row.OplusShelfExImpl@ab84b04
07-02 16:39:40.836  4671  4671 E SlowAppComponent: 0ms: ClearNotificationReceiver instantiating…
07-02 16:39:40.836  4671  4671 E SlowAppComponent: 260ms: ClearNotificationReceiver instantiating…
07-02 16:39:40.836  4671  4671 E SlowAppComponent: Main thread was blocked for 269ms in the background starting with ClearNotificationReceiver
07-02 16:39:40.853  4671  5053 E msys    : E[N mns:DGWClient]_OnResolverSuccess(359)=>Cache refresh succeeded with system DNS resolver. IP count: 2
07-02 16:39:41.019  2262 21680 E OplusStorageUFSBandwidth: storage_io_metrics_path is /proc/oplus_storage/io_metrics/forever/
07-02 16:39:41.019  1485  1501 E PerformanceService: storage_feature: open /proc/oplus_storage/io_metrics/forever//ufs_total_read_size_mb fail
07-02 16:39:41.020  1485  1501 E PerformanceService: storage_feature: open /proc/oplus_storage/io_metrics/forever//ufs_total_write_size_mb fail
07-02 16:39:41.021  2262 21680 E OplusStorageUFSBandwidth: Bandwidth - Read: 0.00 MB/s, Write: 0.00 MB/s
07-02 16:39:41.021  2262 21680 E OplusStorageUFSBandwidth: Task time: 2ms
07-02 16:39:41.022  2262 21680 E OplusStorageUFSBandwidth: Alarm set to trigger in 10 seconds
07-02 16:39:41.148  1489  1585 E bms_heating: BmsHeatingCheckThread status: 0
07-02 16:39:41.426  1489  1571 E ChargerInfo: SingleHyperPath not found
07-02 16:39:41.431  1489  1571 E ChargerInfo: SingleHyperPath not found
07-02 16:39:41.446  1489  1571 E ChargerInfo: SingleHyperPath not found
07-02 16:39:41.971  3316  3316 E IJankManager: slideSceneEnd unknown scene 1000 mScene:-1
07-02 16:39:41.998  3316  3316 E OplusNotificationPullDownAnimationExImpl: updateShelfPosition, error! ambientState=com.android.systemui.statusbar.notification.stack.AmbientState@a6642b1, shelfViewState=com.android.systemui.statusbar.NotificationShelf$ShelfState@bc28396, lastViewState=null, stackLayout=com.android.systemui.statusbar.notification.stack.NotificationStackScrollLayout{1edeb17 V.E...... ......ID 0,0-1080,2289 #7f0a08ee app:id/notification_stack_scroller alpha=1.0 viewInfo = }, shelfEx=com.oplus.systemui.notification.row.OplusShelfExImpl@ab84b04
07-02 16:39:42.010  3316  3316 E [OPLUS_AFS_CONFIG]: Failed to open AFS config file: /proc/oplus_afs_config/afs_config
07-02 16:39:42.010  3316  3316 E AFS_CONFIG: Failed to get scene config
07-02 16:39:42.010  3316  3316 E OplusAfsManager: afsConfigSceneConfigGet sceneType is null
07-02 16:39:42.012  3316  3316 E OplusNotificationPullDownAnimationExImpl: updateShelfPosition, error! ambientState=com.android.systemui.statusbar.notification.stack.AmbientState@a6642b1, shelfViewState=com.android.systemui.statusbar.NotificationShelf$ShelfState@bc28396, lastViewState=null, stackLayout=com.android.systemui.statusbar.notification.stack.NotificationStackScrollLayout{1edeb17 V.E...... ......ID 0,0-1080,2289 #7f0a08ee app:id/notification_stack_scroller alpha=1.0 viewInfo = }, shelfEx=com.oplus.systemui.notification.row.OplusShelfExImpl@ab84b04
07-02 16:39:42.018  3316  3316 E OplusNotificationPullDownAnimationExImpl: updateShelfPosition, error! ambientState=com.android.systemui.statusbar.notification.stack.AmbientState@a6642b1, shelfViewState=com.android.systemui.statusbar.NotificationShelf$ShelfState@bc28396, lastViewState=null, stackLayout=com.android.systemui.statusbar.notification.stack.NotificationStackScrollLayout{1edeb17 V.E...... ......ID 0,0-1080,2289 #7f0a08ee app:id/notification_stack_scroller alpha=1.0 viewInfo = }, shelfEx=com.oplus.systemui.notification.row.OplusShelfExImpl@ab84b04
07-02 16:39:42.021  3316  3316 E OplusNotificationPullDownAnimationExImpl: updateShelfPosition, error! ambientState=com.android.systemui.statusbar.notification.stack.AmbientState@a6642b1, shelfViewState=com.android.systemui.statusbar.NotificationShelf$ShelfState@bc28396, lastViewState=null, stackLayout=com.android.systemui.statusbar.notification.stack.NotificationStackScrollLayout{1edeb17 V.E...... ......ID 0,0-1080,2289 #7f0a08ee app:id/notification_stack_scroller alpha=1.0 viewInfo = }, shelfEx=com.oplus.systemui.notification.row.OplusShelfExImpl@ab84b04
07-02 16:39:42.028  3316  3316 E OplusNotificationPullDownAnimationExImpl: updateShelfPosition, error! ambientState=com.android.systemui.statusbar.notification.stack.AmbientState@a6642b1, shelfViewState=com.android.systemui.statusbar.NotificationShelf$ShelfState@bc28396, lastViewState=null, stackLayout=com.android.systemui.statusbar.notification.stack.NotificationStackScrollLayout{1edeb17 V.E...... ......ID 0,0-1080,2289 #7f0a08ee app:id/notification_stack_scroller alpha=1.0 viewInfo = }, shelfEx=com.oplus.systemui.notification.row.OplusShelfExImpl@ab84b04
07-02 16:39:42.037  3316  3316 E OplusNotificationPullDownAnimationExImpl: updateShelfPosition, error! ambientState=com.android.systemui.statusbar.notification.stack.AmbientState@a6642b1, shelfViewState=com.android.systemui.statusbar.NotificationShelf$ShelfState@bc28396, lastViewState=null, stackLayout=com.android.systemui.statusbar.notification.stack.NotificationStackScrollLayout{1edeb17 V.E...... ......ID 0,0-1080,2289 #7f0a08ee app:id/notification_stack_scroller alpha=1.0 viewInfo = }, shelfEx=com.oplus.systemui.notification.row.OplusShelfExImpl@ab84b04
07-02 16:39:42.045  3316  3316 E OplusNotificationPullDownAnimationExImpl: updateShelfPosition, error! ambientState=com.android.systemui.statusbar.notification.stack.AmbientState@a6642b1, shelfViewState=com.android.systemui.statusbar.NotificationShelf$ShelfState@bc28396, lastViewState=null, stackLayout=com.android.systemui.statusbar.notification.stack.NotificationStackScrollLayout{1edeb17 V.E...... ......ID 0,0-1080,2289 #7f0a08ee app:id/notification_stack_scroller alpha=1.0 viewInfo = }, shelfEx=com.oplus.systemui.notification.row.OplusShelfExImpl@ab84b04
07-02 16:39:42.053  3316  3316 E OplusNotificationPullDownAnimationExImpl: updateShelfPosition, error! ambientState=com.android.systemui.statusbar.notification.stack.AmbientState@a6642b1, shelfViewState=com.android.systemui.statusbar.NotificationShelf$ShelfState@bc28396, lastViewState=null, stackLayout=com.android.systemui.statusbar.notification.stack.NotificationStackScrollLayout{1edeb17 V.E...... ......ID 0,0-1080,2289 #7f0a08ee app:id/notification_stack_scroller alpha=1.0 viewInfo = }, shelfEx=com.oplus.systemui.notification.row.OplusShelfExImpl@ab84b04
07-02 16:39:42.063  3316  3316 E OplusNotificationPullDownAnimationExImpl: updateShelfPosition, error! ambientState=com.android.systemui.statusbar.notification.stack.AmbientState@a6642b1, shelfViewState=com.android.systemui.statusbar.NotificationShelf$ShelfState@bc28396, lastViewState=null, stackLayout=com.android.systemui.statusbar.notification.stack.NotificationStackScrollLayout{1edeb17 V.E...... ......ID 0,0-1080,2289 #7f0a08ee app:id/notification_stack_scroller alpha=1.0 viewInfo = }, shelfEx=com.oplus.systemui.notification.row.OplusShelfExImpl@ab84b04
07-02 16:39:42.070  3316  3316 E OplusNotificationPullDownAnimationExImpl: updateShelfPosition, error! ambientState=com.android.systemui.statusbar.notification.stack.AmbientState@a6642b1, shelfViewState=com.android.systemui.statusbar.NotificationShelf$ShelfState@bc28396, lastViewState=null, stackLayout=com.android.systemui.statusbar.notification.stack.NotificationStackScrollLayout{1edeb17 V.E...... ......ID 0,0-1080,2289 #7f0a08ee app:id/notification_stack_scroller alpha=1.0 viewInfo = }, shelfEx=com.oplus.systemui.notification.row.OplusShelfExImpl@ab84b04
07-02 16:39:42.079  3316  3316 E OplusNotificationPullDownAnimationExImpl: updateShelfPosition, error! ambientState=com.android.systemui.statusbar.notification.stack.AmbientState@a6642b1, shelfViewState=com.android.systemui.statusbar.NotificationShelf$ShelfState@bc28396, lastViewState=null, stackLayout=com.android.systemui.statusbar.notification.stack.NotificationStackScrollLayout{1edeb17 V.E...... ......ID 0,0-1080,2289 #7f0a08ee app:id/notification_stack_scroller alpha=1.0 viewInfo = }, shelfEx=com.oplus.systemui.notification.row.OplusShelfExImpl@ab84b04
07-02 16:39:42.087  3316  3316 E OplusNotificationPullDownAnimationExImpl: updateShelfPosition, error! ambientState=com.android.systemui.statusbar.notification.stack.AmbientState@a6642b1, shelfViewState=com.android.systemui.statusbar.NotificationShelf$ShelfState@bc28396, lastViewState=null, stackLayout=com.android.systemui.statusbar.notification.stack.NotificationStackScrollLayout{1edeb17 V.E...... ......ID 0,0-1080,2289 #7f0a08ee app:id/notification_stack_scroller alpha=1.0 viewInfo = }, shelfEx=com.oplus.systemui.notification.row.OplusShelfExImpl@ab84b04
07-02 16:39:42.095  3316  3316 E OplusNotificationPullDownAnimationExImpl: updateShelfPosition, error! ambientState=com.android.systemui.statusbar.notification.stack.AmbientState@a6642b1, shelfViewState=com.android.systemui.statusbar.NotificationShelf$ShelfState@bc28396, lastViewState=null, stackLayout=com.android.systemui.statusbar.notification.stack.NotificationStackScrollLayout{1edeb17 V.E...... ......ID 0,0-1080,2289 #7f0a08ee app:id/notification_stack_scroller alpha=1.0 viewInfo = }, shelfEx=com.oplus.systemui.notification.row.OplusShelfExImpl@ab84b04
07-02 16:39:42.106  3316  3316 E OplusNotificationPullDownAnimationExImpl: updateShelfPosition, error! ambientState=com.android.systemui.statusbar.notification.stack.AmbientState@a6642b1, shelfViewState=com.android.systemui.statusbar.NotificationShelf$ShelfState@bc28396, lastViewState=null, stackLayout=com.android.systemui.statusbar.notification.stack.NotificationStackScrollLayout{1edeb17 V.E...... ......ID 0,0-1080,2289 #7f0a08ee app:id/notification_stack_scroller alpha=1.0 viewInfo = }, shelfEx=com.oplus.systemui.notification.row.OplusShelfExImpl@ab84b04
07-02 16:39:42.112  3316  3316 E OplusNotificationPullDownAnimationExImpl: updateShelfPosition, error! ambientState=com.android.systemui.statusbar.notification.stack.AmbientState@a6642b1, shelfViewState=com.android.systemui.statusbar.NotificationShelf$ShelfState@bc28396, lastViewState=null, stackLayout=com.android.systemui.statusbar.notification.stack.NotificationStackScrollLayout{1edeb17 V.E...... ......ID 0,0-1080,2289 #7f0a08ee app:id/notification_stack_scroller alpha=1.0 viewInfo = }, shelfEx=com.oplus.systemui.notification.row.OplusShelfExImpl@ab84b04
