07-02 16:39:42.858  3316  3316 E OplusNotificationPullDownAnimationExImpl: updateShelfPosition, error! ambientState=com.android.systemui.statusbar.notification.stack.AmbientState@a6642b1, shelfViewState=com.android.systemui.statusbar.NotificationShelf$ShelfState@bc28396, lastViewState=null, stackLayout=com.android.systemui.statusbar.notification.stack.NotificationStackScrollLayout{1edeb17 V.E...... ......ID 0,0-1080,2289 #7f0a08ee app:id/notification_stack_scroller alpha=1.0 viewInfo = }, shelfEx=com.oplus.systemui.notification.row.OplusShelfExImpl@ab84b04
07-02 16:39:42.859  2262  3360 E OplusInputManagerService_jni: updateInvalidRegion start!!!
07-02 16:39:42.870  3316  3316 E [OPLUS_AFS_CONFIG]: Failed to open AFS config file: /proc/oplus_afs_config/afs_config
07-02 16:39:42.870  3316  3316 E AFS_CONFIG: Failed to get scene config
07-02 16:39:42.870  3316  3316 E OplusAfsManager: afsConfigSceneConfigGet sceneType is null
07-02 16:39:42.871  3316  3316 E OplusNotificationPullDownAnimationExImpl: updateShelfPosition, error! ambientState=com.android.systemui.statusbar.notification.stack.AmbientState@a6642b1, shelfViewState=com.android.systemui.statusbar.NotificationShelf$ShelfState@bc28396, lastViewState=null, stackLayout=com.android.systemui.statusbar.notification.stack.NotificationStackScrollLayout{1edeb17 V.E...... ......ID 0,0-1080,2289 #7f0a08ee app:id/notification_stack_scroller alpha=1.0 viewInfo = }, shelfEx=com.oplus.systemui.notification.row.OplusShelfExImpl@ab84b04
07-02 16:39:42.883  1468  1504 E mtkpower@impl: [setMode] unknown type
07-02 16:39:42.892  2262  2262 E OplusGestureAnimationManagerPolicy: mScreenHeight:2412 mScreenWidth:1080 mRotation:0
07-02 16:39:42.904  1468  1504 E mtkpower@impl: [setMode] unknown type
07-02 16:39:42.908  3316  3316 E OplusNotificationPullDownAnimationExImpl: updateShelfPosition, error! ambientState=com.android.systemui.statusbar.notification.stack.AmbientState@a6642b1, shelfViewState=com.android.systemui.statusbar.NotificationShelf$ShelfState@bc28396, lastViewState=null, stackLayout=com.android.systemui.statusbar.notification.stack.NotificationStackScrollLayout{1edeb17 V.E...... ......ID 0,0-1080,2289 #7f0a08ee app:id/notification_stack_scroller alpha=1.0 viewInfo = }, shelfEx=com.oplus.systemui.notification.row.OplusShelfExImpl@ab84b04
07-02 16:39:42.965  3316  3316 E OplusNotificationPullDownAnimationExImpl: updateShelfPosition, error! ambientState=com.android.systemui.statusbar.notification.stack.AmbientState@a6642b1, shelfViewState=com.android.systemui.statusbar.NotificationShelf$ShelfState@bc28396, lastViewState=null, stackLayout=com.android.systemui.statusbar.notification.stack.NotificationStackScrollLayout{1edeb17 V.E...... ......ID 0,0-1080,2289 #7f0a08ee app:id/notification_stack_scroller alpha=1.0 viewInfo = }, shelfEx=com.oplus.systemui.notification.row.OplusShelfExImpl@ab84b04
07-02 16:39:43.022  2262 21680 E OplusStorageUFSBandwidth: storage_io_metrics_path is /proc/oplus_storage/io_metrics/forever/
07-02 16:39:43.023  1485  1501 E PerformanceService: storage_feature: open /proc/oplus_storage/io_metrics/forever//ufs_total_read_size_mb fail
07-02 16:39:43.024  1485  1501 E PerformanceService: storage_feature: open /proc/oplus_storage/io_metrics/forever//ufs_total_write_size_mb fail
07-02 16:39:43.024  2262 21680 E OplusStorageUFSBandwidth: Bandwidth - Read: 0.00 MB/s, Write: 0.00 MB/s
07-02 16:39:43.024  2262 21680 E OplusStorageUFSBandwidth: Task time: 2ms
07-02 16:39:43.025  2262 21680 E OplusStorageUFSBandwidth: Alarm set to trigger in 10 seconds
07-02 16:39:43.120  1485  1501 E PerformanceService: storage_feature: open /sys/devices/platform/soc/112b0000.ufshci//virtualtlcbuff fail
07-02 16:39:43.149  1489  1585 E bms_heating: BmsHeatingCheckThread status: 0
07-02 16:39:43.811  2262  9177 E TaskPersister: File error accessing recents directory (directory doesn't exist?).
07-02 16:39:44.150  1489  1585 E bms_heating: BmsHeatingCheckThread status: 0
07-02 16:39:44.365  3612  3612 E SatelliteController: registerForSatelliteModemStateChanged: mSatelliteSessionController is not initialized yet
07-02 16:39:44.367  3612  3612 E SatelliteController: registerForSatelliteModemStateChanged: mSatelliteSessionController is not initialized yet
07-02 16:39:44.374  5090 16531 E midasd  : getTotalFlipsFromSf mCurFrameCount: 11790022
07-02 16:39:44.389  3316  3316 E OplusNotificationPullDownAnimationExImpl: updateShelfPosition, error! ambientState=com.android.systemui.statusbar.notification.stack.AmbientState@a6642b1, shelfViewState=com.android.systemui.statusbar.NotificationShelf$ShelfState@bc28396, lastViewState=null, stackLayout=com.android.systemui.statusbar.notification.stack.NotificationStackScrollLayout{1edeb17 V.E...... ......ID 0,0-1080,2289 #7f0a08ee app:id/notification_stack_scroller alpha=1.0 viewInfo = }, shelfEx=com.oplus.systemui.notification.row.OplusShelfExImpl@ab84b04
07-02 16:39:44.672  3316  3316 E OplusNotificationPullDownAnimationExImpl: updateShelfPosition, error! ambientState=com.android.systemui.statusbar.notification.stack.AmbientState@a6642b1, shelfViewState=com.android.systemui.statusbar.NotificationShelf$ShelfState@bc28396, lastViewState=null, stackLayout=com.android.systemui.statusbar.notification.stack.NotificationStackScrollLayout{1edeb17 V.E...... ......ID 0,0-1080,2289 #7f0a08ee app:id/notification_stack_scroller alpha=1.0 viewInfo = }, shelfEx=com.oplus.systemui.notification.row.OplusShelfExImpl@ab84b04
07-02 16:39:45.025  2262 21680 E OplusStorageUFSBandwidth: storage_io_metrics_path is /proc/oplus_storage/io_metrics/forever/
07-02 16:39:45.026  1485  1501 E PerformanceService: storage_feature: open /proc/oplus_storage/io_metrics/forever//ufs_total_read_size_mb fail
07-02 16:39:45.026  1485  1501 E PerformanceService: storage_feature: open /proc/oplus_storage/io_metrics/forever//ufs_total_write_size_mb fail
07-02 16:39:45.026  2262 21680 E OplusStorageUFSBandwidth: Bandwidth - Read: 0.00 MB/s, Write: 0.00 MB/s
07-02 16:39:45.026  2262 21680 E OplusStorageUFSBandwidth: Task time: 1ms
07-02 16:39:45.034  2262 21680 E OplusStorageUFSBandwidth: Alarm set to trigger in 10 seconds
07-02 16:39:45.151  1489  1585 E bms_heating: BmsHeatingCheckThread status: 0
07-02 16:39:46.152  1489  1585 E bms_heating: BmsHeatingCheckThread status: 0
07-02 16:39:47.029  2262 21680 E OplusStorageUFSBandwidth: storage_io_metrics_path is /proc/oplus_storage/io_metrics/forever/
07-02 16:39:47.030  1485  1501 E PerformanceService: storage_feature: open /proc/oplus_storage/io_metrics/forever//ufs_total_read_size_mb fail
07-02 16:39:47.031  1485  1501 E PerformanceService: storage_feature: open /proc/oplus_storage/io_metrics/forever//ufs_total_write_size_mb fail
07-02 16:39:47.032  2262 21680 E OplusStorageUFSBandwidth: Bandwidth - Read: 0.00 MB/s, Write: 0.00 MB/s
07-02 16:39:47.033  2262 21680 E OplusStorageUFSBandwidth: Task time: 4ms
07-02 16:39:47.035  4671  6378 E FbnsAIDLClientManager: Max Try reached for binding to FbnsAIDLService, threadId 6116
07-02 16:39:47.037  4671  6378 E FbnsAIDLClientManager: Fbns AIDL request got RemoteException
07-02 16:39:47.037  4671  6378 E FbnsAIDLClientManager: android.os.RemoteException: AIDLService is not bound
07-02 16:39:47.037  4671  6378 E FbnsAIDLClientManager: 	at X.8sQ.call(:383)
07-02 16:39:47.037  4671  6378 E FbnsAIDLClientManager: 	at java.util.concurrent.FutureTask.run(FutureTask.java:328)
07-02 16:39:47.037  4671  6378 E FbnsAIDLClientManager: 	at java.util.concurrent.ThreadPoolExecutor.runWorker(ThreadPoolExecutor.java:1100)
07-02 16:39:47.037  4671  6378 E FbnsAIDLClientManager: 	at java.util.concurrent.ThreadPoolExecutor$Worker.run(ThreadPoolExecutor.java:624)
07-02 16:39:47.037  4671  6378 E FbnsAIDLClientManager: 	at java.lang.Thread.run(Thread.java:1572)
07-02 16:39:47.044  2262 21680 E OplusStorageUFSBandwidth: Alarm set to trigger in 10 seconds
07-02 16:39:47.143  1489  1571 E ChargerInfo: SingleHyperPath not found
07-02 16:39:47.149  1489  1571 E ChargerInfo: SingleHyperPath not found
07-02 16:39:47.153  1489  1585 E bms_heating: BmsHeatingCheckThread status: 0
07-02 16:39:47.394  1405  1456 E TetherController: property_get sys.radio.data.modem_share_flag return 0, 1!
07-02 16:39:48.121  1485  1501 E PerformanceService: storage_feature: open /sys/devices/platform/soc/112b0000.ufshci//virtualtlcbuff fail
07-02 16:39:48.155  1489  1585 E bms_heating: BmsHeatingCheckThread status: 0
07-02 16:39:48.693  3316  3316 E OplusNotificationPullDownAnimationExImpl: updateShelfPosition, error! ambientState=com.android.systemui.statusbar.notification.stack.AmbientState@a6642b1, shelfViewState=com.android.systemui.statusbar.NotificationShelf$ShelfState@bc28396, lastViewState=null, stackLayout=com.android.systemui.statusbar.notification.stack.NotificationStackScrollLayout{1edeb17 V.E...... ......ID 0,0-1080,2289 #7f0a08ee app:id/notification_stack_scroller alpha=1.0 viewInfo = }, shelfEx=com.oplus.systemui.notification.row.OplusShelfExImpl@ab84b04
07-02 16:39:49.040  2262 21680 E OplusStorageUFSBandwidth: storage_io_metrics_path is /proc/oplus_storage/io_metrics/forever/
07-02 16:39:49.041  1485  1501 E PerformanceService: storage_feature: open /proc/oplus_storage/io_metrics/forever//ufs_total_read_size_mb fail
07-02 16:39:49.041  1485  1501 E PerformanceService: storage_feature: open /proc/oplus_storage/io_metrics/forever//ufs_total_write_size_mb fail
07-02 16:39:49.043  2262 21680 E OplusStorageUFSBandwidth: Bandwidth - Read: 0.00 MB/s, Write: 0.00 MB/s
07-02 16:39:49.043  2262 21680 E OplusStorageUFSBandwidth: Task time: 3ms
07-02 16:39:49.047  2262 21680 E OplusStorageUFSBandwidth: Alarm set to trigger in 10 seconds
07-02 16:39:49.156  1489  1585 E bms_heating: BmsHeatingCheckThread status: 0
07-02 16:39:50.158  1489  1585 E bms_heating: BmsHeatingCheckThread status: 0
07-02 16:39:51.046  2262 21680 E OplusStorageUFSBandwidth: storage_io_metrics_path is /proc/oplus_storage/io_metrics/forever/
07-02 16:39:51.047  1485  1501 E PerformanceService: storage_feature: open /proc/oplus_storage/io_metrics/forever//ufs_total_read_size_mb fail
07-02 16:39:51.048  1485  1501 E PerformanceService: storage_feature: open /proc/oplus_storage/io_metrics/forever//ufs_total_write_size_mb fail
07-02 16:39:51.048  2262 21680 E OplusStorageUFSBandwidth: Bandwidth - Read: 0.00 MB/s, Write: 0.00 MB/s
07-02 16:39:51.048  2262 21680 E OplusStorageUFSBandwidth: Task time: 2ms
07-02 16:39:51.054  2262 21680 E OplusStorageUFSBandwidth: Alarm set to trigger in 10 seconds
07-02 16:39:51.159  1489  1585 E bms_heating: BmsHeatingCheckThread status: 0
07-02 16:39:52.160  1489  1585 E bms_heating: BmsHeatingCheckThread status: 0
07-02 16:39:52.262  1489  1571 E ChargerInfo: SingleHyperPath not found
07-02 16:39:52.265  1489  1571 E ChargerInfo: SingleHyperPath not found
07-02 16:39:52.702  3316  3316 E OplusNotificationPullDownAnimationExImpl: updateShelfPosition, error! ambientState=com.android.systemui.statusbar.notification.stack.AmbientState@a6642b1, shelfViewState=com.android.systemui.statusbar.NotificationShelf$ShelfState@bc28396, lastViewState=null, stackLayout=com.android.systemui.statusbar.notification.stack.NotificationStackScrollLayout{1edeb17 V.E...... ......ID 0,0-1080,2289 #7f0a08ee app:id/notification_stack_scroller alpha=1.0 viewInfo = }, shelfEx=com.oplus.systemui.notification.row.OplusShelfExImpl@ab84b04
07-02 16:39:53.050  2262 21680 E OplusStorageUFSBandwidth: storage_io_metrics_path is /proc/oplus_storage/io_metrics/forever/
07-02 16:39:53.051  1485  1501 E PerformanceService: storage_feature: open /proc/oplus_storage/io_metrics/forever//ufs_total_read_size_mb fail
07-02 16:39:53.052  1485  1501 E PerformanceService: storage_feature: open /proc/oplus_storage/io_metrics/forever//ufs_total_write_size_mb fail
07-02 16:39:53.053  2262 21680 E OplusStorageUFSBandwidth: Bandwidth - Read: 0.00 MB/s, Write: 0.00 MB/s
07-02 16:39:53.053  2262 21680 E OplusStorageUFSBandwidth: Task time: 3ms
07-02 16:39:53.059  2262 21680 E OplusStorageUFSBandwidth: Alarm set to trigger in 10 seconds
07-02 16:39:53.122  1485  1501 E PerformanceService: storage_feature: open /sys/devices/platform/soc/112b0000.ufshci//virtualtlcbuff fail
07-02 16:39:53.162  1489  1585 E bms_heating: BmsHeatingCheckThread status: 0
07-02 16:39:54.164  1489  1585 E bms_heating: BmsHeatingCheckThread status: 0
07-02 16:39:55.055  2262 21680 E OplusStorageUFSBandwidth: storage_io_metrics_path is /proc/oplus_storage/io_metrics/forever/
07-02 16:39:55.056  1485  1501 E PerformanceService: storage_feature: open /proc/oplus_storage/io_metrics/forever//ufs_total_read_size_mb fail
07-02 16:39:55.057  1485  1501 E PerformanceService: storage_feature: open /proc/oplus_storage/io_metrics/forever//ufs_total_write_size_mb fail
07-02 16:39:55.057  2262 21680 E OplusStorageUFSBandwidth: Bandwidth - Read: 0.00 MB/s, Write: 0.00 MB/s
07-02 16:39:55.057  2262 21680 E OplusStorageUFSBandwidth: Task time: 2ms
07-02 16:39:55.063  2262 21680 E OplusStorageUFSBandwidth: Alarm set to trigger in 10 seconds
07-02 16:39:55.166  1489  1585 E bms_heating: BmsHeatingCheckThread status: 0
07-02 16:39:56.167  1489  1585 E bms_heating: BmsHeatingCheckThread status: 0
07-02 16:39:56.700  3316  3316 E OplusNotificationPullDownAnimationExImpl: updateShelfPosition, error! ambientState=com.android.systemui.statusbar.notification.stack.AmbientState@a6642b1, shelfViewState=com.android.systemui.statusbar.NotificationShelf$ShelfState@bc28396, lastViewState=null, stackLayout=com.android.systemui.statusbar.notification.stack.NotificationStackScrollLayout{1edeb17 V.E...... ......ID 0,0-1080,2289 #7f0a08ee app:id/notification_stack_scroller alpha=1.0 viewInfo = }, shelfEx=com.oplus.systemui.notification.row.OplusShelfExImpl@ab84b04
07-02 16:39:57.060  2262 21680 E OplusStorageUFSBandwidth: storage_io_metrics_path is /proc/oplus_storage/io_metrics/forever/
07-02 16:39:57.062  1485  1501 E PerformanceService: storage_feature: open /proc/oplus_storage/io_metrics/forever//ufs_total_read_size_mb fail
07-02 16:39:57.064  1485  1500 E PerformanceService: storage_feature: open /proc/oplus_storage/io_metrics/forever//ufs_total_write_size_mb fail
07-02 16:39:57.065  2262 21680 E OplusStorageUFSBandwidth: Bandwidth - Read: 0.00 MB/s, Write: 0.00 MB/s
07-02 16:39:57.065  2262 21680 E OplusStorageUFSBandwidth: Task time: 5ms
07-02 16:39:57.073  2262 21680 E OplusStorageUFSBandwidth: Alarm set to trigger in 10 seconds
07-02 16:39:57.168  1489  1585 E bms_heating: BmsHeatingCheckThread status: 0
07-02 16:39:58.120  1485  1500 E PerformanceService: storage_feature: open /sys/devices/platform/soc/112b0000.ufshci//virtualtlcbuff fail
07-02 16:39:58.145  1489  1571 E ChargerInfo: SingleHyperPath not found
07-02 16:39:58.153  1489  1571 E ChargerInfo: SingleHyperPath not found
07-02 16:39:58.170  1489  1585 E bms_heating: BmsHeatingCheckThread status: 0
07-02 16:39:58.403 17217 19161 E MIDASApplication: MIDASPullAtomManager: onPullAtom 150122
07-02 16:39:58.790  1489  1571 E ChargerInfo: SingleHyperPath not found
07-02 16:39:59.067  2262 21680 E OplusStorageUFSBandwidth: storage_io_metrics_path is /proc/oplus_storage/io_metrics/forever/
07-02 16:39:59.070  1485  1500 E PerformanceService: storage_feature: open /proc/oplus_storage/io_metrics/forever//ufs_total_read_size_mb fail
07-02 16:39:59.071  1485  1501 E PerformanceService: storage_feature: open /proc/oplus_storage/io_metrics/forever//ufs_total_write_size_mb fail
07-02 16:39:59.073  2262 21680 E OplusStorageUFSBandwidth: Bandwidth - Read: 0.00 MB/s, Write: 0.00 MB/s
07-02 16:39:59.073  2262 21680 E OplusStorageUFSBandwidth: Task time: 6ms
07-02 16:39:59.075  2262 21680 E OplusStorageUFSBandwidth: Alarm set to trigger in 10 seconds
07-02 16:39:59.171  1489  1585 E bms_heating: BmsHeatingCheckThread status: 0
07-02 16:39:59.237  1489  1571 E ChargerInfo: SingleHyperPath not found
07-02 16:40:00.021  3316  3316 E OplusNotificationPullDownAnimationExImpl: updateShelfPosition, error! ambientState=com.android.systemui.statusbar.notification.stack.AmbientState@a6642b1, shelfViewState=com.android.systemui.statusbar.NotificationShelf$ShelfState@bc28396, lastViewState=null, stackLayout=com.android.systemui.statusbar.notification.stack.NotificationStackScrollLayout{1edeb17 V.E...... ......ID 0,0-1080,2289 #7f0a08ee app:id/notification_stack_scroller alpha=1.0 viewInfo = }, shelfEx=com.oplus.systemui.notification.row.OplusShelfExImpl@ab84b04
07-02 16:40:00.040  3316  3316 E OplusNotificationPullDownAnimationExImpl: updateShelfPosition, error! ambientState=com.android.systemui.statusbar.notification.stack.AmbientState@a6642b1, shelfViewState=com.android.systemui.statusbar.NotificationShelf$ShelfState@bc28396, lastViewState=null, stackLayout=com.android.systemui.statusbar.notification.stack.NotificationStackScrollLayout{1edeb17 V.E...... ......ID 0,0-1080,2289 #7f0a08ee app:id/notification_stack_scroller alpha=1.0 viewInfo = }, shelfEx=com.oplus.systemui.notification.row.OplusShelfExImpl@ab84b04
07-02 16:40:00.173  1489  1585 E bms_heating: BmsHeatingCheckThread status: 0
07-02 16:40:00.719  3316  3316 E OplusNotificationPullDownAnimationExImpl: updateShelfPosition, error! ambientState=com.android.systemui.statusbar.notification.stack.AmbientState@a6642b1, shelfViewState=com.android.systemui.statusbar.NotificationShelf$ShelfState@bc28396, lastViewState=null, stackLayout=com.android.systemui.statusbar.notification.stack.NotificationStackScrollLayout{1edeb17 V.E...... ......ID 0,0-1080,2289 #7f0a08ee app:id/notification_stack_scroller alpha=1.0 viewInfo = }, shelfEx=com.oplus.systemui.notification.row.OplusShelfExImpl@ab84b04
07-02 16:40:01.076  2262 21680 E OplusStorageUFSBandwidth: storage_io_metrics_path is /proc/oplus_storage/io_metrics/forever/
07-02 16:40:01.077  1485  1501 E PerformanceService: storage_feature: open /proc/oplus_storage/io_metrics/forever//ufs_total_read_size_mb fail
07-02 16:40:01.080  1485  1500 E PerformanceService: storage_feature: open /proc/oplus_storage/io_metrics/forever//ufs_total_write_size_mb fail
07-02 16:40:01.081  2262 21680 E OplusStorageUFSBandwidth: Bandwidth - Read: 0.00 MB/s, Write: 0.00 MB/s
07-02 16:40:01.081  2262 21680 E OplusStorageUFSBandwidth: Task time: 6ms
07-02 16:40:01.082  2262 21680 E OplusStorageUFSBandwidth: Alarm set to trigger in 10 seconds
07-02 16:40:01.086  5653  5713 E MSP-LOG-APP-MSP-LOG-APP-AdsCoreService: HLog未初始化-->currentLiveDuration: 16201
07-02 16:40:01.174  1489  1585 E bms_heating: BmsHeatingCheckThread status: 0
07-02 16:40:02.176  1489  1585 E bms_heating: BmsHeatingCheckThread status: 0
07-02 16:40:03.083  2262 21680 E OplusStorageUFSBandwidth: storage_io_metrics_path is /proc/oplus_storage/io_metrics/forever/
07-02 16:40:03.084  1485  1500 E PerformanceService: storage_feature: open /proc/oplus_storage/io_metrics/forever//ufs_total_read_size_mb fail
07-02 16:40:03.085  1485  1500 E PerformanceService: storage_feature: open /proc/oplus_storage/io_metrics/forever//ufs_total_write_size_mb fail
07-02 16:40:03.087  2262 21680 E OplusStorageUFSBandwidth: Bandwidth - Read: 0.00 MB/s, Write: 0.00 MB/s
07-02 16:40:03.087  2262 21680 E OplusStorageUFSBandwidth: Task time: 4ms
07-02 16:40:03.091  2262 21680 E OplusStorageUFSBandwidth: Alarm set to trigger in 10 seconds
07-02 16:40:03.122  1485  1500 E PerformanceService: storage_feature: open /sys/devices/platform/soc/112b0000.ufshci//virtualtlcbuff fail
07-02 16:40:03.177  1489  1585 E bms_heating: BmsHeatingCheckThread status: 0
07-02 16:40:03.268  1489  1571 E ChargerInfo: SingleHyperPath not found
07-02 16:40:03.277  1489  1571 E ChargerInfo: SingleHyperPath not found
07-02 16:40:04.179  1489  1585 E bms_heating: BmsHeatingCheckThread status: 0
07-02 16:40:04.296  1489  1571 E ChargerInfo: SingleHyperPath not found
07-02 16:40:04.374  5090 16531 E midasd  : getTotalFlipsFromSf mCurFrameCount: 11791821
07-02 16:40:04.721  3316  3316 E OplusNotificationPullDownAnimationExImpl: updateShelfPosition, error! ambientState=com.android.systemui.statusbar.notification.stack.AmbientState@a6642b1, shelfViewState=com.android.systemui.statusbar.NotificationShelf$ShelfState@bc28396, lastViewState=null, stackLayout=com.android.systemui.statusbar.notification.stack.NotificationStackScrollLayout{1edeb17 V.E...... ......ID 0,0-1080,2289 #7f0a08ee app:id/notification_stack_scroller alpha=1.0 viewInfo = }, shelfEx=com.oplus.systemui.notification.row.OplusShelfExImpl@ab84b04
07-02 16:40:05.089  2262 21680 E OplusStorageUFSBandwidth: storage_io_metrics_path is /proc/oplus_storage/io_metrics/forever/
07-02 16:40:05.090  1485  1500 E PerformanceService: storage_feature: open /proc/oplus_storage/io_metrics/forever//ufs_total_read_size_mb fail
07-02 16:40:05.092  1485  1500 E PerformanceService: storage_feature: open /proc/oplus_storage/io_metrics/forever//ufs_total_write_size_mb fail
07-02 16:40:05.092  2262 21680 E OplusStorageUFSBandwidth: Bandwidth - Read: 0.00 MB/s, Write: 0.00 MB/s
07-02 16:40:05.092  2262 21680 E OplusStorageUFSBandwidth: Task time: 3ms
07-02 16:40:05.098  2262 21680 E OplusStorageUFSBandwidth: Alarm set to trigger in 10 seconds
07-02 16:40:05.180  1489  1585 E bms_heating: BmsHeatingCheckThread status: 0
07-02 16:40:06.182  1489  1585 E bms_heating: BmsHeatingCheckThread status: 0
07-02 16:40:07.094  2262 21680 E OplusStorageUFSBandwidth: storage_io_metrics_path is /proc/oplus_storage/io_metrics/forever/
07-02 16:40:07.098  1485  1500 E PerformanceService: storage_feature: open /proc/oplus_storage/io_metrics/forever//ufs_total_read_size_mb fail
07-02 16:40:07.099  1485  1500 E PerformanceService: storage_feature: open /proc/oplus_storage/io_metrics/forever//ufs_total_write_size_mb fail
07-02 16:40:07.100  2262 21680 E OplusStorageUFSBandwidth: Bandwidth - Read: 0.00 MB/s, Write: 0.00 MB/s
07-02 16:40:07.100  2262 21680 E OplusStorageUFSBandwidth: Task time: 7ms
07-02 16:40:07.101  2262 21680 E OplusStorageUFSBandwidth: Alarm set to trigger in 10 seconds
07-02 16:40:07.187  1489  1585 E bms_heating: BmsHeatingCheckThread status: 0
07-02 16:40:07.978  1407  1428 E statsd  : Could not find a broadcast receiver for (1000 1035)
07-02 16:40:08.122  1485  1500 E PerformanceService: storage_feature: open /sys/devices/platform/soc/112b0000.ufshci//virtualtlcbuff fail
07-02 16:40:08.188  1489  1585 E bms_heating: BmsHeatingCheckThread status: 0
07-02 16:40:08.734  3316  3316 E OplusNotificationPullDownAnimationExImpl: updateShelfPosition, error! ambientState=com.android.systemui.statusbar.notification.stack.AmbientState@a6642b1, shelfViewState=com.android.systemui.statusbar.NotificationShelf$ShelfState@bc28396, lastViewState=null, stackLayout=com.android.systemui.statusbar.notification.stack.NotificationStackScrollLayout{1edeb17 V.E...... ......ID 0,0-1080,2289 #7f0a08ee app:id/notification_stack_scroller alpha=1.0 viewInfo = }, shelfEx=com.oplus.systemui.notification.row.OplusShelfExImpl@ab84b04
07-02 16:40:09.102  2262 21680 E OplusStorageUFSBandwidth: storage_io_metrics_path is /proc/oplus_storage/io_metrics/forever/
07-02 16:40:09.103  1485  1500 E PerformanceService: storage_feature: open /proc/oplus_storage/io_metrics/forever//ufs_total_read_size_mb fail
07-02 16:40:09.105  1485  1501 E PerformanceService: storage_feature: open /proc/oplus_storage/io_metrics/forever//ufs_total_write_size_mb fail
07-02 16:40:09.106  2262 21680 E OplusStorageUFSBandwidth: Bandwidth - Read: 0.00 MB/s, Write: 0.00 MB/s
07-02 16:40:09.106  2262 21680 E OplusStorageUFSBandwidth: Task time: 4ms
07-02 16:40:09.110  2262 21680 E OplusStorageUFSBandwidth: Alarm set to trigger in 10 seconds
07-02 16:40:09.160  1489  1571 E ChargerInfo: SingleHyperPath not found
07-02 16:40:09.167  1489  1571 E ChargerInfo: SingleHyperPath not found
07-02 16:40:09.189  1489  1585 E bms_heating: BmsHeatingCheckThread status: 0
07-02 16:40:10.190  1489  1585 E bms_heating: BmsHeatingCheckThread status: 0
07-02 16:40:10.495  2262  2619 E JobScheduler.Background: Couldn't determine stopped state for unknown package: com.oplus.onet
07-02 16:40:10.515  4671  5053 E msys    : E[N mns:DGWClient]_LogError(328)=>Failed to resolve using system DNS resolver, getaddrinfo(): No address associated with hostname
07-02 16:40:10.518  4671  5053 E msys    : E[N mns:DGWClient]_LogError(328)=>Failed to resolve using system DNS resolver, getaddrinfo(): No address associated with hostname
07-02 16:40:10.775  1489  1571 E ChargerInfo: SingleHyperPath not found
07-02 16:40:11.108  2262 21680 E OplusStorageUFSBandwidth: storage_io_metrics_path is /proc/oplus_storage/io_metrics/forever/
07-02 16:40:11.108  1485  1500 E PerformanceService: storage_feature: open /proc/oplus_storage/io_metrics/forever//ufs_total_read_size_mb fail
07-02 16:40:11.109  1485  1500 E PerformanceService: storage_feature: open /proc/oplus_storage/io_metrics/forever//ufs_total_write_size_mb fail
07-02 16:40:11.110  2262 21680 E OplusStorageUFSBandwidth: Bandwidth - Read: 0.00 MB/s, Write: 0.00 MB/s
07-02 16:40:11.110  2262 21680 E OplusStorageUFSBandwidth: Task time: 2ms
07-02 16:40:11.116  2262 21680 E OplusStorageUFSBandwidth: Alarm set to trigger in 10 seconds
07-02 16:40:11.192  1489  1585 E bms_heating: BmsHeatingCheckThread status: 0
07-02 16:40:11.839  5078  5153 E horae   : 0: back:38409,frame:37127,front:38423, 6, +(3771), 1 ,37400,42194,40777,41185,43000, target_temp:38423, algo:0
07-02 16:40:11.955  1489  1571 E ChargerInfo: SingleHyperPath not found
07-02 16:40:12.193  1489  1585 E bms_heating: BmsHeatingCheckThread status: 0
07-02 16:40:12.742  3316  3316 E OplusNotificationPullDownAnimationExImpl: updateShelfPosition, error! ambientState=com.android.systemui.statusbar.notification.stack.AmbientState@a6642b1, shelfViewState=com.android.systemui.statusbar.NotificationShelf$ShelfState@bc28396, lastViewState=null, stackLayout=com.android.systemui.statusbar.notification.stack.NotificationStackScrollLayout{1edeb17 V.E...... ......ID 0,0-1080,2289 #7f0a08ee app:id/notification_stack_scroller alpha=1.0 viewInfo = }, shelfEx=com.oplus.systemui.notification.row.OplusShelfExImpl@ab84b04
07-02 16:40:13.116  2262 21680 E OplusStorageUFSBandwidth: storage_io_metrics_path is /proc/oplus_storage/io_metrics/forever/
07-02 16:40:13.117  1485  1500 E PerformanceService: storage_feature: open /proc/oplus_storage/io_metrics/forever//ufs_total_read_size_mb fail
07-02 16:40:13.118  1485  1500 E PerformanceService: storage_feature: open /proc/oplus_storage/io_metrics/forever//ufs_total_write_size_mb fail
07-02 16:40:13.119  2262 21680 E OplusStorageUFSBandwidth: Bandwidth - Read: 0.00 MB/s, Write: 0.00 MB/s
07-02 16:40:13.119  2262 21680 E OplusStorageUFSBandwidth: Task time: 3ms
07-02 16:40:13.121  1485  1500 E PerformanceService: storage_feature: open /sys/devices/platform/soc/112b0000.ufshci//virtualtlcbuff fail
07-02 16:40:13.128  2262 21680 E OplusStorageUFSBandwidth: Alarm set to trigger in 10 seconds
07-02 16:40:13.194  1489  1585 E bms_heating: BmsHeatingCheckThread status: 0
07-02 16:40:14.201  1489  1585 E bms_heating: BmsHeatingCheckThread status: 0
07-02 16:40:14.284  1489  1571 E ChargerInfo: SingleHyperPath not found
07-02 16:40:14.294  1489  1571 E ChargerInfo: SingleHyperPath not found
07-02 16:40:14.303  7769  7769 E VendorNfcService: changeNfcStateByWirelessCharge: feature WIRELESS_CHARGING = true; mIsWirelessCharging: false; mIsReverseChargingSwitchOpen: false; nfcWorkMode: 0; isOverSeaRegion = true
07-02 16:40:14.310  5090 16531 E midasd  : getTotalFlipsFromSf mCurFrameCount: 11792715
07-02 16:40:14.313 16904 15718 E Battery : BatteryCardUtil: widgetCodes is empty !
07-02 16:40:14.317 16904 17504 E Battery : ChargeProtectionUtils: First Alarm is Thu Jul 02 17:00:00 GMT+05:30 2026, nowRtc  = Thu Jul 02 16:40:14 GMT+05:30 2026, too close , ignore it.
07-02 16:40:14.317 16904 17504 E Battery : ChargeProtectionUtils: mCanlendarTmp.isEmpty()!
07-02 16:40:14.339  1405  1456 E TetherController: property_get sys.radio.data.modem_share_flag return 0, 1!
07-02 16:40:14.417  2262  2440 E BatteryStatsImplExtImpl: get RefreshCounts failed
07-02 16:40:15.122  2262 21680 E OplusStorageUFSBandwidth: storage_io_metrics_path is /proc/oplus_storage/io_metrics/forever/
07-02 16:40:15.124  1485  1500 E PerformanceService: storage_feature: open /proc/oplus_storage/io_metrics/forever//ufs_total_read_size_mb fail
07-02 16:40:15.126  1485  1501 E PerformanceService: storage_feature: open /proc/oplus_storage/io_metrics/forever//ufs_total_write_size_mb fail
07-02 16:40:15.127  2262 21680 E OplusStorageUFSBandwidth: Bandwidth - Read: 0.00 MB/s, Write: 0.00 MB/s
07-02 16:40:15.127  2262 21680 E OplusStorageUFSBandwidth: Task time: 5ms
07-02 16:40:15.138  2262 21680 E OplusStorageUFSBandwidth: Alarm set to trigger in 10 seconds
07-02 16:40:15.203  1489  1585 E bms_heating: BmsHeatingCheckThread status: 0
07-02 16:40:16.204  1489  1585 E bms_heating: BmsHeatingCheckThread status: 0
07-02 16:40:16.743  3316  3316 E OplusNotificationPullDownAnimationExImpl: updateShelfPosition, error! ambientState=com.android.systemui.statusbar.notification.stack.AmbientState@a6642b1, shelfViewState=com.android.systemui.statusbar.NotificationShelf$ShelfState@bc28396, lastViewState=null, stackLayout=com.android.systemui.statusbar.notification.stack.NotificationStackScrollLayout{1edeb17 V.E...... ......ID 0,0-1080,2289 #7f0a08ee app:id/notification_stack_scroller alpha=1.0 viewInfo = }, shelfEx=com.oplus.systemui.notification.row.OplusShelfExImpl@ab84b04
07-02 16:40:17.129  2262 21680 E OplusStorageUFSBandwidth: storage_io_metrics_path is /proc/oplus_storage/io_metrics/forever/
07-02 16:40:17.130  1485  1501 E PerformanceService: storage_feature: open /proc/oplus_storage/io_metrics/forever//ufs_total_read_size_mb fail
07-02 16:40:17.132  1485  1501 E PerformanceService: storage_feature: open /proc/oplus_storage/io_metrics/forever//ufs_total_write_size_mb fail
07-02 16:40:17.132  2262 21680 E OplusStorageUFSBandwidth: Bandwidth - Read: 0.00 MB/s, Write: 0.00 MB/s
07-02 16:40:17.133  2262 21680 E OplusStorageUFSBandwidth: Task time: 4ms
07-02 16:40:17.137  2262 21680 E OplusStorageUFSBandwidth: Alarm set to trigger in 10 seconds
07-02 16:40:17.205  1489  1585 E bms_heating: BmsHeatingCheckThread status: 0
07-02 16:40:18.121  1485  1501 E PerformanceService: storage_feature: open /sys/devices/platform/soc/112b0000.ufshci//virtualtlcbuff fail
07-02 16:40:18.207  1489  1585 E bms_heating: BmsHeatingCheckThread status: 0
07-02 16:40:19.135  2262 21680 E OplusStorageUFSBandwidth: storage_io_metrics_path is /proc/oplus_storage/io_metrics/forever/
07-02 16:40:19.135  1485  1501 E PerformanceService: storage_feature: open /proc/oplus_storage/io_metrics/forever//ufs_total_read_size_mb fail
07-02 16:40:19.136  1485  1501 E PerformanceService: storage_feature: open /proc/oplus_storage/io_metrics/forever//ufs_total_write_size_mb fail
07-02 16:40:19.138  2262 21680 E OplusStorageUFSBandwidth: Bandwidth - Read: 0.00 MB/s, Write: 0.00 MB/s
07-02 16:40:19.138  2262 21680 E OplusStorageUFSBandwidth: Task time: 4ms
07-02 16:40:19.140  2262 21680 E OplusStorageUFSBandwidth: Alarm set to trigger in 10 seconds
07-02 16:40:19.208  1489  1585 E bms_heating: BmsHeatingCheckThread status: 0
07-02 16:40:19.246  1489  1571 E ChargerInfo: SingleHyperPath not found
07-02 16:40:19.252  2934  3581 E msys    : E[N WA]_WAJMNSStreamImplOnMNSFailure(287)=>[LogLevel:I] WAJMNSStream/impl/callback/onMNSFailure/p=0xb400007775aa6b80 (error=MNSTCPSocketReceive(): Received EOF)
07-02 16:40:19.252  2934  3581 E msys    : E[N WA]_WAJMNSStreamImplCreateConnectionReport(194)=>[LogLevel:I] WAJMNSStream/impl/report port=5222, connectedIPVersion=6, resolvedIPAddressCount=2, dnsResolutionStartTimeMS=635312490, dnsResolutionEndTimeMS=635312490, dnsCacheHit=Yes, connectStartTimeMS=635312490, connectEndTimeMS=635312513, proxyConnectStartTimeMS=0, proxyConnectEndTimeMS=0
07-02 16:40:19.253  2934  3581 E msys    : E[N WA]_WAJMNSStreamImplUpdateStreamState(230)=>[LogLevel:I] WAJMNSStream/impl/state-changed/p=0xb400007775aa6b80 (connected=>disconnected)
07-02 16:40:19.262  2934  3537 E msys    : E[N WA]WAJMNSStreamImplDisconnectSync(514)=>[LogLevel:W] WAJMNSStream/impl/disconnect/p=0xb400007775aa6b80 (bytesSent=4607)(bytesRecv=10334)
07-02 16:40:19.536  5653  5653 E MSP-LOG-APP-MSP-LOG-APP-AdsKitApplication: HLog未初始化-->onTrimMemory
07-02 16:40:19.538  5653  5653 E MSP-LOG-APP-MSP-LOG-APP-MspBaseApplication: HLog未初始化-->trimMemory dispatch module = adsKit
07-02 16:40:20.165  1489  1571 E ChargerInfo: SingleHyperPath not found
07-02 16:40:20.175  1489  1571 E ChargerInfo: SingleHyperPath not found
07-02 16:40:20.209  1489  1585 E bms_heating: BmsHeatingCheckThread status: 0
07-02 16:40:20.748  3316  3316 E OplusNotificationPullDownAnimationExImpl: updateShelfPosition, error! ambientState=com.android.systemui.statusbar.notification.stack.AmbientState@a6642b1, shelfViewState=com.android.systemui.statusbar.NotificationShelf$ShelfState@bc28396, lastViewState=null, stackLayout=com.android.systemui.statusbar.notification.stack.NotificationStackScrollLayout{1edeb17 V.E...... ......ID 0,0-1080,2289 #7f0a08ee app:id/notification_stack_scroller alpha=1.0 viewInfo = }, shelfEx=com.oplus.systemui.notification.row.OplusShelfExImpl@ab84b04
07-02 16:40:20.829  2262  3934 E Athena  : AbnormalMemoryAction: init action fail: abnormal_memory_periodic_clear_config_1 not configured.
