--------- beginning of crash
06-27 13:34:43.822 26989 27045 F libc    : FORTIFY: pthread_mutex_lock called on a destroyed mutex (0x7943b895a8)
06-27 13:34:43.823 26989 27045 F libc    : Fatal signal 6 (SIGABRT), code -1 (SI_QUEUE) in tid 27045 (hwuiTask0), pid 26989 (rprise.leadflow)
06-27 20:14:22.412 19274 19399 E AndroidRuntime: FATAL EXCEPTION: McsHandler
06-27 20:14:22.412 19274 19399 E AndroidRuntime: Process: com.mgoogle.android.gms:persistent, PID: 19274
06-27 20:14:22.412 19274 19399 E AndroidRuntime: java.lang.NullPointerException: Attempt to invoke virtual method 'java.lang.String android.net.NetworkInfo.getTypeName()' on a null object reference
06-27 20:14:22.412 19274 19399 E AndroidRuntime: 	at org.microg.gms.gcm.McsService.connect(:46)
06-27 20:14:22.412 19274 19399 E AndroidRuntime: 	at org.microg.gms.gcm.McsService.handleMessage(:279)
06-27 20:14:22.412 19274 19399 E AndroidRuntime: 	at android.os.Handler.dispatchMessage(Handler.java:111)
06-27 20:14:22.412 19274 19399 E AndroidRuntime: 	at android.os.Looper.loopOnce(Looper.java:302)
06-27 20:14:22.412 19274 19399 E AndroidRuntime: 	at android.os.Looper.loop(Looper.java:412)
06-27 20:14:22.412 19274 19399 E AndroidRuntime: 	at org.microg.gms.gcm.McsService$HandlerThread.run(:85)
06-27 20:24:09.420 17977 17996 E AndroidRuntime: FATAL EXCEPTION: McsHandler
06-27 20:24:09.420 17977 17996 E AndroidRuntime: Process: com.mgoogle.android.gms:persistent, PID: 17977
06-27 20:24:09.420 17977 17996 E AndroidRuntime: java.lang.NullPointerException: Attempt to invoke virtual method 'java.lang.String android.net.NetworkInfo.getTypeName()' on a null object reference
06-27 20:24:09.420 17977 17996 E AndroidRuntime: 	at org.microg.gms.gcm.McsService.connect(:46)
06-27 20:24:09.420 17977 17996 E AndroidRuntime: 	at org.microg.gms.gcm.McsService.handleMessage(:279)
06-27 20:24:09.420 17977 17996 E AndroidRuntime: 	at android.os.Handler.dispatchMessage(Handler.java:111)
06-27 20:24:09.420 17977 17996 E AndroidRuntime: 	at android.os.Looper.loopOnce(Looper.java:302)
06-27 20:24:09.420 17977 17996 E AndroidRuntime: 	at android.os.Looper.loop(Looper.java:412)
06-27 20:24:09.420 17977 17996 E AndroidRuntime: 	at org.microg.gms.gcm.McsService$HandlerThread.run(:85)
06-29 13:53:18.041 21256 21325 E AndroidRuntime: FATAL EXCEPTION: McsHandler
06-29 13:53:18.041 21256 21325 E AndroidRuntime: Process: com.mgoogle.android.gms:persistent, PID: 21256
06-29 13:53:18.041 21256 21325 E AndroidRuntime: java.lang.NullPointerException: Attempt to invoke virtual method 'java.lang.String android.net.NetworkInfo.getTypeName()' on a null object reference
06-29 13:53:18.041 21256 21325 E AndroidRuntime: 	at org.microg.gms.gcm.McsService.connect(:46)
06-29 13:53:18.041 21256 21325 E AndroidRuntime: 	at org.microg.gms.gcm.McsService.handleMessage(:279)
06-29 13:53:18.041 21256 21325 E AndroidRuntime: 	at android.os.Handler.dispatchMessage(Handler.java:111)
06-29 13:53:18.041 21256 21325 E AndroidRuntime: 	at android.os.Looper.loopOnce(Looper.java:302)
06-29 13:53:18.041 21256 21325 E AndroidRuntime: 	at android.os.Looper.loop(Looper.java:412)
06-29 13:53:18.041 21256 21325 E AndroidRuntime: 	at org.microg.gms.gcm.McsService$HandlerThread.run(:85)
06-30 16:59:16.586  2940  2940 E AndroidRuntime: FATAL EXCEPTION: main
06-30 16:59:16.586  2940  2940 E AndroidRuntime: Process: com.enterprise.leadflow, PID: 2940
06-30 16:59:16.586  2940  2940 E AndroidRuntime: java.lang.NullPointerException
06-30 16:59:16.586  2940  2940 E AndroidRuntime: 	at com.enterprise.leadflow.DashboardScreenKt.DashboardScreen$lambda$139$lambda$138(DashboardScreen.kt:590)
06-30 16:59:16.586  2940  2940 E AndroidRuntime: 	at com.enterprise.leadflow.DashboardScreenKt$$ExternalSyntheticLambda8.invoke(D8$$SyntheticClass:0)
06-30 16:59:16.586  2940  2940 E AndroidRuntime: 	at com.enterprise.leadflow.components.LeadDetailsBottomSheetKt.LeadDetailsBottomSheet$lambda$15$lambda$14$lambda$13$lambda$12(LeadDetailsBottomSheet.kt:126)
06-30 16:59:16.586  2940  2940 E AndroidRuntime: 	at com.enterprise.leadflow.components.LeadDetailsBottomSheetKt$$ExternalSyntheticLambda4.invoke(D8$$SyntheticClass:0)
06-30 16:59:16.586  2940  2940 E AndroidRuntime: 	at androidx.compose.foundation.ClickableNode.onPointerEvent-H0pRuoY(Clickable.kt:935)
06-30 16:59:16.586  2940  2940 E AndroidRuntime: 	at androidx.compose.ui.input.pointer.Node.dispatchMainEventPass(HitPathTracker.kt:446)
06-30 16:59:16.586  2940  2940 E AndroidRuntime: 	at androidx.compose.ui.input.pointer.Node.dispatchMainEventPass(HitPathTracker.kt:432)
06-30 16:59:16.586  2940  2940 E AndroidRuntime: 	at androidx.compose.ui.input.pointer.Node.dispatchMainEventPass(HitPathTracker.kt:432)
06-30 16:59:16.586  2940  2940 E AndroidRuntime: 	at androidx.compose.ui.input.pointer.NodeParent.dispatchMainEventPass(HitPathTracker.kt:285)
06-30 16:59:16.586  2940  2940 E AndroidRuntime: 	at androidx.compose.ui.input.pointer.HitPathTracker.dispatchChanges(HitPathTracker.kt:181)
06-30 16:59:16.586  2940  2940 E AndroidRuntime: 	at androidx.compose.ui.input.pointer.PointerInputEventProcessor.process-BIzXfog(PointerInputEventProcessor.kt:118)
06-30 16:59:16.586  2940  2940 E AndroidRuntime: 	at androidx.compose.ui.platform.AndroidComposeView.sendMotionEvent-8iAsVTc(AndroidComposeView.android.kt:2685)
06-30 16:59:16.586  2940  2940 E AndroidRuntime: 	at androidx.compose.ui.platform.AndroidComposeView.handleMotionEvent-8iAsVTc(AndroidComposeView.android.kt:2629)
06-30 16:59:16.586  2940  2940 E AndroidRuntime: 	at androidx.compose.ui.platform.AndroidComposeView.dispatchTouchEvent(AndroidComposeView.android.kt:2467)
06-30 16:59:16.586  2940  2940 E AndroidRuntime: 	at android.view.ViewGroup.dispatchTransformedTouchEvent(ViewGroup.java:3223)
06-30 16:59:16.586  2940  2940 E AndroidRuntime: 	at android.view.ViewGroup.dispatchTouchEvent(ViewGroup.java:2892)
06-30 16:59:16.586  2940  2940 E AndroidRuntime: 	at android.view.ViewGroup.dispatchTransformedTouchEvent(ViewGroup.java:3223)
06-30 16:59:16.586  2940  2940 E AndroidRuntime: 	at android.view.ViewGroup.dispatchTouchEvent(ViewGroup.java:2892)
06-30 16:59:16.586  2940  2940 E AndroidRuntime: 	at android.view.ViewGroup.dispatchTransformedTouchEvent(ViewGroup.java:3223)
06-30 16:59:16.586  2940  2940 E AndroidRuntime: 	at android.view.ViewGroup.dispatchTouchEvent(ViewGroup.java:2892)
06-30 16:59:16.586  2940  2940 E AndroidRuntime: 	at android.view.ViewGroup.dispatchTransformedTouchEvent(ViewGroup.java:3223)
06-30 16:59:16.586  2940  2940 E AndroidRuntime: 	at android.view.ViewGroup.dispatchTouchEvent(ViewGroup.java:2892)
06-30 16:59:16.586  2940  2940 E AndroidRuntime: 	at com.android.internal.policy.DecorView.superDispatchTouchEvent(DecorView.java:569)
06-30 16:59:16.586  2940  2940 E AndroidRuntime: 	at com.android.internal.policy.PhoneWindow.superDispatchTouchEvent(PhoneWindow.java:2098)
06-30 16:59:16.586  2940  2940 E AndroidRuntime: 	at android.app.Dialog.dispatchTouchEvent(Dialog.java:986)
06-30 16:59:16.586  2940  2940 E AndroidRuntime: 	at com.android.internal.policy.DecorView.dispatchTouchEvent(DecorView.java:517)
06-30 16:59:16.586  2940  2940 E AndroidRuntime: 	at android.view.View.dispatchPointerEvent(View.java:17203)
06-30 16:59:16.586  2940  2940 E AndroidRuntime: 	at android.view.ViewRootImpl$ViewPostImeInputStage.processPointerEvent(ViewRootImpl.java:9368)
06-30 16:59:16.586  2940  2940 E AndroidRuntime: 	at android.view.ViewRootImpl$ViewPostImeInputStage.onProcess(ViewRootImpl.java:9037)
06-30 16:59:16.586  2940  2940 E AndroidRuntime: 	at android.view.ViewRootImpl$InputStage.deliver(ViewRootImpl.java:8401)
06-30 16:59:16.586  2940  2940 E AndroidRuntime: 	at android.view.ViewRootImpl$InputStage.onDeliverToNext(ViewRootImpl.java:8465)
06-30 16:59:16.586  2940  2940 E AndroidRuntime: 	at android.view.ViewRootImpl$InputStage.forward(ViewRootImpl.java:8424)
06-30 16:59:16.586  2940  2940 E AndroidRuntime: 	at android.view.ViewRootImpl$AsyncInputStage.forward(ViewRootImpl.java:8597)
06-30 16:59:16.586  2940  2940 E AndroidRuntime: 	at android.view.ViewRootImpl$InputStage.apply(ViewRootImpl.java:8432)
06-30 16:59:16.586  2940  2940 E AndroidRuntime: 	at android.view.ViewRootImpl$AsyncInputStage.apply(ViewRootImpl.java:8654)
06-30 16:59:16.586  2940  2940 E AndroidRuntime: 	at android.view.ViewRootImpl$InputStage.deliver(ViewRootImpl.java:8405)
06-30 16:59:16.586  2940  2940 E AndroidRuntime: 	at android.view.ViewRootImpl$InputStage.onDeliverToNext(ViewRootImpl.java:8465)
06-30 16:59:16.586  2940  2940 E AndroidRuntime: 	at android.view.ViewRootImpl$InputStage.forward(ViewRootImpl.java:8424)
06-30 16:59:16.586  2940  2940 E AndroidRuntime: 	at android.view.ViewRootImpl$InputStage.apply(ViewRootImpl.java:8432)
06-30 16:59:16.586  2940  2940 E AndroidRuntime: 	at android.view.ViewRootImpl$InputStage.deliver(ViewRootImpl.java:8405)
06-30 16:59:16.586  2940  2940 E AndroidRuntime: 	at android.view.ViewRootImpl.deliverInputEvent(ViewRootImpl.java:11913)
06-30 16:59:16.586  2940  2940 E AndroidRuntime: 	at android.view.ViewRootImpl.doProcessInputEvents(ViewRootImpl.java:11860)
06-30 16:59:16.586  2940  2940 E AndroidRuntime: 	at android.view.ViewRootImpl.enqueueInputEvent(ViewRootImpl.java:11805)
06-30 16:59:16.586  2940  2940 E AndroidRuntime: 	at android.view.ViewRootImpl.processRawInputEvent(ViewRootImpl.java:12304)
06-30 16:59:16.586  2940  2940 E AndroidRuntime: 	at android.view.ViewRootImpl$WindowInputEventReceiver.onInputEvent(ViewRootImpl.java:12043)
06-30 16:59:16.586  2940  2940 E AndroidRuntime: 	at android.view.InputEventReceiver.dispatchInputEvent(InputEventReceiver.java:321)
06-30 16:59:16.586  2940  2940 E AndroidRuntime: 	at android.os.MessageQueue.nativePollOnce(Native Method)
06-30 16:59:16.586  2940  2940 E AndroidRuntime: 	at android.os.MessageQueue.nextLegacy(MessageQueue.java:934)
06-30 16:59:16.586  2940  2940 E AndroidRuntime: 	at android.os.MessageQueue.next(MessageQueue.java:1046)
06-30 16:59:16.586  2940  2940 E AndroidRuntime: 	at android.os.Looper.loopOnce(Looper.java:221)
06-30 16:59:16.586  2940  2940 E AndroidRuntime: 	at android.os.Looper.loop(Looper.java:412)
06-30 16:59:16.586  2940  2940 E AndroidRuntime: 	at android.app.ActivityThread.main(ActivityThread.java:9998)
06-30 16:59:16.586  2940  2940 E AndroidRuntime: 	at java.lang.reflect.Method.invoke(Native Method)
06-30 16:59:16.586  2940  2940 E AndroidRuntime: 	at com.android.internal.os.RuntimeInit$MethodAndArgsCaller.run(RuntimeInit.java:613)
06-30 16:59:16.586  2940  2940 E AndroidRuntime: 	at com.android.internal.os.ZygoteInit.main(ZygoteInit.java:1074)
06-30 16:59:34.846  4680  4680 E AndroidRuntime: FATAL EXCEPTION: main
06-30 16:59:34.846  4680  4680 E AndroidRuntime: Process: com.enterprise.leadflow, PID: 4680
06-30 16:59:34.846  4680  4680 E AndroidRuntime: java.lang.NullPointerException
06-30 16:59:34.846  4680  4680 E AndroidRuntime: 	at com.enterprise.leadflow.DashboardScreenKt.DashboardScreen$lambda$139$lambda$138(DashboardScreen.kt:590)
06-30 16:59:34.846  4680  4680 E AndroidRuntime: 	at com.enterprise.leadflow.DashboardScreenKt$$ExternalSyntheticLambda8.invoke(D8$$SyntheticClass:0)
06-30 16:59:34.846  4680  4680 E AndroidRuntime: 	at com.enterprise.leadflow.components.LeadDetailsBottomSheetKt.LeadDetailsBottomSheet$lambda$15$lambda$14$lambda$13$lambda$12(LeadDetailsBottomSheet.kt:126)
06-30 16:59:34.846  4680  4680 E AndroidRuntime: 	at com.enterprise.leadflow.components.LeadDetailsBottomSheetKt$$ExternalSyntheticLambda4.invoke(D8$$SyntheticClass:0)
06-30 16:59:34.846  4680  4680 E AndroidRuntime: 	at androidx.compose.foundation.ClickableNode.onPointerEvent-H0pRuoY(Clickable.kt:935)
06-30 16:59:34.846  4680  4680 E AndroidRuntime: 	at androidx.compose.ui.input.pointer.Node.dispatchMainEventPass(HitPathTracker.kt:446)
06-30 16:59:34.846  4680  4680 E AndroidRuntime: 	at androidx.compose.ui.input.pointer.Node.dispatchMainEventPass(HitPathTracker.kt:432)
06-30 16:59:34.846  4680  4680 E AndroidRuntime: 	at androidx.compose.ui.input.pointer.Node.dispatchMainEventPass(HitPathTracker.kt:432)
06-30 16:59:34.846  4680  4680 E AndroidRuntime: 	at androidx.compose.ui.input.pointer.NodeParent.dispatchMainEventPass(HitPathTracker.kt:285)
06-30 16:59:34.846  4680  4680 E AndroidRuntime: 	at androidx.compose.ui.input.pointer.HitPathTracker.dispatchChanges(HitPathTracker.kt:181)
06-30 16:59:34.846  4680  4680 E AndroidRuntime: 	at androidx.compose.ui.input.pointer.PointerInputEventProcessor.process-BIzXfog(PointerInputEventProcessor.kt:118)
06-30 16:59:34.846  4680  4680 E AndroidRuntime: 	at androidx.compose.ui.platform.AndroidComposeView.sendMotionEvent-8iAsVTc(AndroidComposeView.android.kt:2685)
06-30 16:59:34.846  4680  4680 E AndroidRuntime: 	at androidx.compose.ui.platform.AndroidComposeView.handleMotionEvent-8iAsVTc(AndroidComposeView.android.kt:2629)
06-30 16:59:34.846  4680  4680 E AndroidRuntime: 	at androidx.compose.ui.platform.AndroidComposeView.dispatchTouchEvent(AndroidComposeView.android.kt:2467)
06-30 16:59:34.846  4680  4680 E AndroidRuntime: 	at android.view.ViewGroup.dispatchTransformedTouchEvent(ViewGroup.java:3223)
06-30 16:59:34.846  4680  4680 E AndroidRuntime: 	at android.view.ViewGroup.dispatchTouchEvent(ViewGroup.java:2892)
06-30 16:59:34.846  4680  4680 E AndroidRuntime: 	at android.view.ViewGroup.dispatchTransformedTouchEvent(ViewGroup.java:3223)
06-30 16:59:34.846  4680  4680 E AndroidRuntime: 	at android.view.ViewGroup.dispatchTouchEvent(ViewGroup.java:2892)
06-30 16:59:34.846  4680  4680 E AndroidRuntime: 	at android.view.ViewGroup.dispatchTransformedTouchEvent(ViewGroup.java:3223)
06-30 16:59:34.846  4680  4680 E AndroidRuntime: 	at android.view.ViewGroup.dispatchTouchEvent(ViewGroup.java:2892)
06-30 16:59:34.846  4680  4680 E AndroidRuntime: 	at android.view.ViewGroup.dispatchTransformedTouchEvent(ViewGroup.java:3223)
06-30 16:59:34.846  4680  4680 E AndroidRuntime: 	at android.view.ViewGroup.dispatchTouchEvent(ViewGroup.java:2892)
06-30 16:59:34.846  4680  4680 E AndroidRuntime: 	at com.android.internal.policy.DecorView.superDispatchTouchEvent(DecorView.java:569)
06-30 16:59:34.846  4680  4680 E AndroidRuntime: 	at com.android.internal.policy.PhoneWindow.superDispatchTouchEvent(PhoneWindow.java:2098)
06-30 16:59:34.846  4680  4680 E AndroidRuntime: 	at android.app.Dialog.dispatchTouchEvent(Dialog.java:986)
06-30 16:59:34.846  4680  4680 E AndroidRuntime: 	at com.android.internal.policy.DecorView.dispatchTouchEvent(DecorView.java:517)
06-30 16:59:34.846  4680  4680 E AndroidRuntime: 	at android.view.View.dispatchPointerEvent(View.java:17203)
06-30 16:59:34.846  4680  4680 E AndroidRuntime: 	at android.view.ViewRootImpl$ViewPostImeInputStage.processPointerEvent(ViewRootImpl.java:9368)
06-30 16:59:34.846  4680  4680 E AndroidRuntime: 	at android.view.ViewRootImpl$ViewPostImeInputStage.onProcess(ViewRootImpl.java:9037)
06-30 16:59:34.846  4680  4680 E AndroidRuntime: 	at android.view.ViewRootImpl$InputStage.deliver(ViewRootImpl.java:8401)
06-30 16:59:34.846  4680  4680 E AndroidRuntime: 	at android.view.ViewRootImpl$InputStage.onDeliverToNext(ViewRootImpl.java:8465)
06-30 16:59:34.846  4680  4680 E AndroidRuntime: 	at android.view.ViewRootImpl$InputStage.forward(ViewRootImpl.java:8424)
06-30 16:59:34.846  4680  4680 E AndroidRuntime: 	at android.view.ViewRootImpl$AsyncInputStage.forward(ViewRootImpl.java:8597)
06-30 16:59:34.846  4680  4680 E AndroidRuntime: 	at android.view.ViewRootImpl$InputStage.apply(ViewRootImpl.java:8432)
06-30 16:59:34.846  4680  4680 E AndroidRuntime: 	at android.view.ViewRootImpl$AsyncInputStage.apply(ViewRootImpl.java:8654)
06-30 16:59:34.846  4680  4680 E AndroidRuntime: 	at android.view.ViewRootImpl$InputStage.deliver(ViewRootImpl.java:8405)
06-30 16:59:34.846  4680  4680 E AndroidRuntime: 	at android.view.ViewRootImpl$InputStage.onDeliverToNext(ViewRootImpl.java:8465)
06-30 16:59:34.846  4680  4680 E AndroidRuntime: 	at android.view.ViewRootImpl$InputStage.forward(ViewRootImpl.java:8424)
06-30 16:59:34.846  4680  4680 E AndroidRuntime: 	at android.view.ViewRootImpl$InputStage.apply(ViewRootImpl.java:8432)
06-30 16:59:34.846  4680  4680 E AndroidRuntime: 	at android.view.ViewRootImpl$InputStage.deliver(ViewRootImpl.java:8405)
06-30 16:59:34.846  4680  4680 E AndroidRuntime: 	at android.view.ViewRootImpl.deliverInputEvent(ViewRootImpl.java:11913)
06-30 16:59:34.846  4680  4680 E AndroidRuntime: 	at android.view.ViewRootImpl.doProcessInputEvents(ViewRootImpl.java:11860)
06-30 16:59:34.846  4680  4680 E AndroidRuntime: 	at android.view.ViewRootImpl.enqueueInputEvent(ViewRootImpl.java:11805)
06-30 16:59:34.846  4680  4680 E AndroidRuntime: 	at android.view.ViewRootImpl.processRawInputEvent(ViewRootImpl.java:12304)
06-30 16:59:34.846  4680  4680 E AndroidRuntime: 	at android.view.ViewRootImpl$WindowInputEventReceiver.onInputEvent(ViewRootImpl.java:12043)
06-30 16:59:34.846  4680  4680 E AndroidRuntime: 	at android.view.InputEventReceiver.dispatchInputEvent(InputEventReceiver.java:321)
06-30 16:59:34.846  4680  4680 E AndroidRuntime: 	at android.os.MessageQueue.nativePollOnce(Native Method)
06-30 16:59:34.846  4680  4680 E AndroidRuntime: 	at android.os.MessageQueue.nextLegacy(MessageQueue.java:934)
06-30 16:59:34.846  4680  4680 E AndroidRuntime: 	at android.os.MessageQueue.next(MessageQueue.java:1046)
06-30 16:59:34.846  4680  4680 E AndroidRuntime: 	at android.os.Looper.loopOnce(Looper.java:221)
06-30 16:59:34.846  4680  4680 E AndroidRuntime: 	at android.os.Looper.loop(Looper.java:412)
06-30 16:59:34.846  4680  4680 E AndroidRuntime: 	at android.app.ActivityThread.main(ActivityThread.java:9998)
06-30 16:59:34.846  4680  4680 E AndroidRuntime: 	at java.lang.reflect.Method.invoke(Native Method)
06-30 16:59:34.846  4680  4680 E AndroidRuntime: 	at com.android.internal.os.RuntimeInit$MethodAndArgsCaller.run(RuntimeInit.java:613)
06-30 16:59:34.846  4680  4680 E AndroidRuntime: 	at com.android.internal.os.ZygoteInit.main(ZygoteInit.java:1074)
07-02 15:40:40.381 22387 22414 E AndroidRuntime: FATAL EXCEPTION: McsHandler
07-02 15:40:40.381 22387 22414 E AndroidRuntime: Process: com.mgoogle.android.gms:persistent, PID: 22387
07-02 15:40:40.381 22387 22414 E AndroidRuntime: java.lang.NullPointerException: Attempt to invoke virtual method 'java.lang.String android.net.NetworkInfo.getTypeName()' on a null object reference
07-02 15:40:40.381 22387 22414 E AndroidRuntime: 	at org.microg.gms.gcm.McsService.connect(:46)
07-02 15:40:40.381 22387 22414 E AndroidRuntime: 	at org.microg.gms.gcm.McsService.handleMessage(:279)
07-02 15:40:40.381 22387 22414 E AndroidRuntime: 	at android.os.Handler.dispatchMessage(Handler.java:111)
07-02 15:40:40.381 22387 22414 E AndroidRuntime: 	at android.os.Looper.loopOnce(Looper.java:302)
07-02 15:40:40.381 22387 22414 E AndroidRuntime: 	at android.os.Looper.loop(Looper.java:412)
07-02 15:40:40.381 22387 22414 E AndroidRuntime: 	at org.microg.gms.gcm.McsService$HandlerThread.run(:85)
--------- beginning of system
07-02 16:37:57.914  2262  2262 E ScreenIntentReceiver: notifyChange failed
07-02 16:37:58.254  2262  2456 E OplusScreenTimeEvent: Error calculating screen on time java.lang.NumberFormatException: empty String
07-02 16:37:58.793  2262  3868 E OplusCustomizeRestrictionManagerService: isHomeButtonDisabled start
07-02 16:37:58.852  2262  2423 E QosSceneRecognizer[ActivityStartScene]: notifyActivityStart get launchedFromUid failed through AppManager! launchedFromPackage: null, pkg: com.android.launcher
07-02 16:37:58.874  2262  2262 E MBrainLocalService: notifyAppSwitch failed
07-02 16:37:58.884  2262  2262 E MBrainLocalService: notifyAppSwitch failed
07-02 16:37:58.903  2262  2661 E FlexibleWindowManagerService: notifyTaskObserverToAttachController not need to notify!
07-02 16:37:58.904  2262  2661 E FlexibleWindowManagerService: notifyTaskObserverToAttachController not need to notify!
07-02 16:37:58.906  2262  2661 E OplusAppQuickStart_AppQuickStartController: not start from launcher transition:8983
07-02 16:37:58.912  2262  2661 E FlexibleWindowManagerService: notifyTaskObserverToAttachController not need to notify!
07-02 16:37:58.922  2262  4103 E OplusCustomizeRestrictionManagerService: isBiometricDisabled start
07-02 16:37:58.924  2262  2440 E OplusThermalStats: Error getting package info: com.android.launcher
07-02 16:37:59.003  2262  3868 E Biometrics/FingerprintProvider/FingerprintServiceProviderExtImpl: current client is null.
07-02 16:37:59.005  2262  3868 E Biometrics/FingerprintProvider/FingerprintServiceProviderExtImpl: current client is null.
07-02 16:37:59.142  2262  3846 E AppWidgetServiceImplExtImpl: FEATURE_COTA_APPWIDGET_UPDATE_RETRY Feature is disbaled not need to resend broadcast
07-02 16:37:59.174  2262  3443 E AppWidgetServiceImplExtImpl: FEATURE_COTA_APPWIDGET_UPDATE_RETRY Feature is disbaled not need to resend broadcast
07-02 16:37:59.208  2262  3853 E AppWidgetServiceImplExtImpl: FEATURE_COTA_APPWIDGET_UPDATE_RETRY Feature is disbaled not need to resend broadcast
07-02 16:37:59.403  2262  2262 E ChargeIntentReceiver: notifyChange failed
07-02 16:37:59.625  2262  2415 E FlexibleWindowManagerService: notifyTaskObserverToAttachController not need to notify!
07-02 16:37:59.747  2262  2440 E BatteryStatsImplExtImpl: get RefreshCounts failed
07-02 16:37:59.785  2262  2415 E FlexibleWindowManagerService: notifyTaskObserverToAttachController not need to notify!
07-02 16:38:01.640  2262  2619 E JobScheduler.Background: Couldn't determine stopped state for unknown package: com.oplus.onet
07-02 16:38:01.671  2262  2428 E NotificationVibratorHelper: Error creating vibration waveform with pattern: [0]
07-02 16:38:01.681  4354  4471 E OplusCustomizeRestrictionManager: sInstance is null, start a new sInstance
07-02 16:38:03.680  2262  2619 E JobScheduler.Background: Couldn't determine stopped state for unknown package: com.oplus.onet
07-02 16:38:04.909  2262  3366 E ShortcutService: Invalid icon type in shortcut 120363153886466708@g.us. Bitmaps are not allowed in long-lived shortcuts. Use Resource icons, or Uri-based icons instead.
07-02 16:38:05.639  2262  2599 E OplusAppQuickStart_AppQuickStartController: notifyStartActivity intent:Intent { act=android.intent.action.MAIN cat=[android.intent.category.LAUNCHER] flg=0x10200000 xflg=0x4 cmp=com.nexaleads.app/.MainActivity bnds=[642,753][846,1032] (has extras) }
07-02 16:38:05.663  2262  2262 E MBrainLocalService: notifyAppSwitch failed
07-02 16:38:05.671  2262  2262 E MBrainLocalService: notifyAppSwitch failed
07-02 16:38:05.679  2262  2599 E FlexibleWindowManagerService: notifyTaskObserverToAttachController not need to notify!
07-02 16:38:05.679  2262  2599 E FlexibleWindowManagerService: notifyTaskObserverToAttachController not need to notify!
07-02 16:38:05.688  2262  2440 E OplusThermalStats: Error getting package info: com.nexaleads.app
07-02 16:38:05.746  2262  3970 E FlexibleWindowManagerService: notifyTaskObserverToAttachController not need to notify!
07-02 16:38:06.140  2262  2415 E FlexibleWindowManagerService: notifyTaskObserverToAttachController not need to notify!
07-02 16:38:08.661  2262  9177 E TaskPersister: File error accessing recents directory (directory doesn't exist?).
07-02 16:38:11.647  2262  2619 E JobScheduler.Background: Couldn't determine stopped state for unknown package: com.oplus.onet
07-02 16:38:13.822  2262  2262 E MBrainLocalService: notifyAppSwitch failed
07-02 16:38:13.829  2262  3868 E FlexibleWindowManagerService: notifyTaskObserverToAttachController not need to notify!
07-02 16:38:13.830  2262  3868 E FlexibleWindowManagerService: notifyTaskObserverToAttachController not need to notify!
07-02 16:38:13.834  2262  2440 E OplusThermalStats: Error getting package info: com.android.launcher
07-02 16:38:13.839  2262  2415 E OplusAppQuickStart_AppQuickStartController: not start from launcher transition:8985
07-02 16:38:13.864  2262  4098 E FlexibleWindowManagerService: notifyTaskObserverToAttachController not need to notify!
07-02 16:38:13.986  2262  3971 E AppOps  : Bad call made by uid 1000. Package "com.google.android.apps.photos" does not belong to uid 1000.
07-02 16:38:14.343  2262  3853 E FlexibleWindowManagerService: notifyTaskObserverToAttachController not need to notify!
07-02 16:38:14.721  2262  2423 E QosSceneRecognizer[ActivityStartScene]: notifyActivityStart get launchedFromUid failed through AppManager! launchedFromPackage: com.android.shell, pkg: com.nexaleads.app
07-02 16:38:14.795  2262  2415 E OplusAppQuickStart_AppQuickStartController: not start from launcher transition:8986
07-02 16:38:14.804  2262  2415 E FlexibleWindowManagerService: notifyTaskObserverToAttachController not need to notify!
07-02 16:38:14.942  2262  2599 E FlexibleWindowManagerService: notifyTaskObserverToAttachController not need to notify!
07-02 16:38:14.949  2262  2262 E MBrainLocalService: notifyAppSwitch failed
07-02 16:38:14.959  2262  2440 E OplusThermalStats: Error getting package info: com.nexaleads.app
07-02 16:38:15.119  2262  2415 E FlexibleWindowManagerService: notifyTaskObserverToAttachController not need to notify!
07-02 16:38:15.120  2262  2415 E FlexibleWindowManagerService: notifyTaskObserverToAttachController not need to notify!
07-02 16:38:16.011  2262  2415 E FlexibleWindowManagerService: notifyTaskObserverToAttachController not need to notify!
07-02 16:38:16.423  2262  3850 E FlexibleWindowManagerService: notifyTaskObserverToAttachController not need to notify!
07-02 16:38:17.423  5020  5020 E AndroidRuntime: FATAL EXCEPTION: main
07-02 16:38:17.423  5020  5020 E AndroidRuntime: Process: com.nexaleads.app, PID: 5020
07-02 16:38:17.423  5020  5020 E AndroidRuntime: com.google.firebase.firestore.FirebaseFirestoreException: PERMISSION_DENIED: Missing or insufficient permissions.
07-02 16:38:17.423  5020  5020 E AndroidRuntime: 	at com.google.firebase.firestore.util.Util.exceptionFromStatus(Util.java:113)
07-02 16:38:17.423  5020  5020 E AndroidRuntime: 	at com.google.firebase.firestore.core.EventManager.onError(EventManager.java:247)
07-02 16:38:17.423  5020  5020 E AndroidRuntime: 	at com.google.firebase.firestore.core.SyncEngine.removeAndCleanupTarget(SyncEngine.java:642)
07-02 16:38:17.423  5020  5020 E AndroidRuntime: 	at com.google.firebase.firestore.core.SyncEngine.handleRejectedListen(SyncEngine.java:478)
07-02 16:38:17.423  5020  5020 E AndroidRuntime: 	at com.google.firebase.firestore.core.MemoryComponentProvider$RemoteStoreCallback.handleRejectedListen(MemoryComponentProvider.java:130)
07-02 16:38:17.423  5020  5020 E AndroidRuntime: 	at com.google.firebase.firestore.remote.RemoteStore.processTargetError(RemoteStore.java:591)
07-02 16:38:17.423  5020  5020 E AndroidRuntime: 	at com.google.firebase.firestore.remote.RemoteStore.handleWatchChange(RemoteStore.java:474)
07-02 16:38:17.423  5020  5020 E AndroidRuntime: 	at com.google.firebase.firestore.remote.RemoteStore.access$100(RemoteStore.java:60)
07-02 16:38:17.423  5020  5020 E AndroidRuntime: 	at com.google.firebase.firestore.remote.RemoteStore$1.onWatchChange(RemoteStore.java:183)
07-02 16:38:17.423  5020  5020 E AndroidRuntime: 	at com.google.firebase.firestore.remote.WatchStream.onNext(WatchStream.java:109)
07-02 16:38:17.423  5020  5020 E AndroidRuntime: 	at com.google.firebase.firestore.remote.WatchStream.onNext(WatchStream.java:38)
07-02 16:38:17.423  5020  5020 E AndroidRuntime: 	at com.google.firebase.firestore.remote.AbstractStream$StreamObserver.lambda$onNext$1$com-google-firebase-firestore-remote-AbstractStream$StreamObserver(AbstractStream.java:119)
07-02 16:38:17.423  5020  5020 E AndroidRuntime: 	at com.google.firebase.firestore.remote.AbstractStream$StreamObserver$$ExternalSyntheticLambda0.run(D8$$SyntheticClass:0)
07-02 16:38:17.423  5020  5020 E AndroidRuntime: 	at com.google.firebase.firestore.remote.AbstractStream$CloseGuardedRunner.run(AbstractStream.java:67)
07-02 16:38:17.423  5020  5020 E AndroidRuntime: 	at com.google.firebase.firestore.remote.AbstractStream$StreamObserver.onNext(AbstractStream.java:110)
07-02 16:38:17.423  5020  5020 E AndroidRuntime: 	at com.google.firebase.firestore.remote.FirestoreChannel$1.onMessage(FirestoreChannel.java:140)
07-02 16:38:17.423  5020  5020 E AndroidRuntime: 	at io.grpc.internal.DelayedClientCall$DelayedListener.onMessage(DelayedClientCall.java:473)
07-02 16:38:17.423  5020  5020 E AndroidRuntime: 	at io.grpc.internal.ClientCallImpl$ClientStreamListenerImpl$1MessagesAvailable.runInternal(ClientCallImpl.java:660)
07-02 16:38:17.423  5020  5020 E AndroidRuntime: 	at io.grpc.internal.ClientCallImpl$ClientStreamListenerImpl$1MessagesAvailable.runInContext(ClientCallImpl.java:647)
07-02 16:38:17.423  5020  5020 E AndroidRuntime: 	at io.grpc.internal.ContextRunnable.run(ContextRunnable.java:37)
07-02 16:38:17.423  5020  5020 E AndroidRuntime: 	at io.grpc.internal.SerializingExecutor.run(SerializingExecutor.java:133)
07-02 16:38:17.423  5020  5020 E AndroidRuntime: 	at java.util.concurrent.Executors$RunnableAdapter.call(Executors.java:520)
07-02 16:38:17.423  5020  5020 E AndroidRuntime: 	at java.util.concurrent.FutureTask.run(FutureTask.java:328)
07-02 16:38:17.423  5020  5020 E AndroidRuntime: 	at java.util.concurrent.ScheduledThreadPoolExecutor$ScheduledFutureTask.run(ScheduledThreadPoolExecutor.java:323)
07-02 16:38:17.423  5020  5020 E AndroidRuntime: 	at java.util.concurrent.ThreadPoolExecutor.runWorker(ThreadPoolExecutor.java:1100)
07-02 16:38:17.423  5020  5020 E AndroidRuntime: 	at java.util.concurrent.ThreadPoolExecutor$Worker.run(ThreadPoolExecutor.java:624)
07-02 16:38:17.423  5020  5020 E AndroidRuntime: 	at com.google.firebase.firestore.util.AsyncQueue$SynchronizedShutdownAwareExecutor$DelayedStartFactory.run(AsyncQueue.java:235)
07-02 16:38:17.423  5020  5020 E AndroidRuntime: 	at java.lang.Thread.run(Thread.java:1572)
07-02 16:38:17.423  5020  5020 E AndroidRuntime: 	Suppressed: kotlinx.coroutines.internal.DiagnosticCoroutineContextException: [StandaloneCoroutine{Cancelling}@b18867a, Dispatchers.Main.immediate]
07-02 16:38:17.423  5020  5020 E AndroidRuntime: Caused by: io.grpc.StatusException: PERMISSION_DENIED: Missing or insufficient permissions.
07-02 16:38:17.423  5020  5020 E AndroidRuntime: 	at io.grpc.Status.asException(Status.java:545)
07-02 16:38:17.423  5020  5020 E AndroidRuntime: 	at com.google.firebase.firestore.util.Util.exceptionFromStatus(Util.java:111)
07-02 16:38:17.423  5020  5020 E AndroidRuntime: 	... 27 more
07-02 16:38:17.449  2262  2262 E MBrainLocalService: notifyAppSwitch failed
07-02 16:38:17.461  2262  2262 E MBrainLocalService: notifyAppSwitch failed
07-02 16:38:17.464  2262  3846 E FlexibleWindowManagerService: notifyTaskObserverToAttachController not need to notify!
07-02 16:38:17.465  2262  3846 E FlexibleWindowManagerService: notifyTaskObserverToAttachController not need to notify!
07-02 16:38:17.474  2262  2440 E OplusThermalStats: Error getting package info: com.android.launcher
07-02 16:38:17.635  2262  2415 E OplusAppQuickStart_AppQuickStartController: not start from launcher transition:8987
07-02 16:38:17.651  2262  2415 E FlexibleWindowManagerService: notifyTaskObserverToAttachController not need to notify!
07-02 16:38:17.905  2262  3971 E OCvtSystemService: Cannot get map: android.system.ErrnoException: nativeBpfFdGet failed: ENOENT (No such file or directory)
07-02 16:38:18.122  2262  3853 E FlexibleWindowManagerService: notifyTaskObserverToAttachController not need to notify!
07-02 16:38:18.859  2262  9177 E TaskPersister: File error accessing recents directory (directory doesn't exist?).
07-02 16:38:19.943  2262  3850 E OCvtSystemService: Cannot get map: android.system.ErrnoException: nativeBpfFdGet failed: ENOENT (No such file or directory)
07-02 16:38:25.177  2262  2423 E QosSceneRecognizer[ActivityStartScene]: notifyActivityStart get launchedFromUid failed through AppManager! launchedFromPackage: com.android.shell, pkg: com.nexaleads.app
07-02 16:38:25.194  2262  2262 E MBrainLocalService: notifyAppSwitch failed
07-02 16:38:25.249  2262  2415 E OplusAppQuickStart_AppQuickStartController: not start from launcher transition:8988
07-02 16:38:25.262  2262  2415 E FlexibleWindowManagerService: notifyTaskObserverToAttachController not need to notify!
07-02 16:38:25.296  2262  4103 E FlexibleWindowManagerService: notifyTaskObserverToAttachController not need to notify!
07-02 16:38:25.302  2262  2262 E MBrainLocalService: notifyAppSwitch failed
07-02 16:38:25.309  2262  2440 E OplusThermalStats: Error getting package info: com.nexaleads.app
07-02 16:38:25.579  2262  2415 E FlexibleWindowManagerService: notifyTaskObserverToAttachController not need to notify!
07-02 16:38:25.579  2262  2415 E FlexibleWindowManagerService: notifyTaskObserverToAttachController not need to notify!
07-02 16:38:26.348  2262  2415 E FlexibleWindowManagerService: notifyTaskObserverToAttachController not need to notify!
07-02 16:38:26.736  2262  4103 E FlexibleWindowManagerService: notifyTaskObserverToAttachController not need to notify!
07-02 16:38:27.478  5321  5321 E AndroidRuntime: FATAL EXCEPTION: main
07-02 16:38:27.478  5321  5321 E AndroidRuntime: Process: com.nexaleads.app, PID: 5321
07-02 16:38:27.478  5321  5321 E AndroidRuntime: com.google.firebase.firestore.FirebaseFirestoreException: PERMISSION_DENIED: Missing or insufficient permissions.
07-02 16:38:27.478  5321  5321 E AndroidRuntime: 	at com.google.firebase.firestore.util.Util.exceptionFromStatus(Util.java:113)
07-02 16:38:27.478  5321  5321 E AndroidRuntime: 	at com.google.firebase.firestore.core.EventManager.onError(EventManager.java:247)
07-02 16:38:27.478  5321  5321 E AndroidRuntime: 	at com.google.firebase.firestore.core.SyncEngine.removeAndCleanupTarget(SyncEngine.java:642)
07-02 16:38:27.478  5321  5321 E AndroidRuntime: 	at com.google.firebase.firestore.core.SyncEngine.handleRejectedListen(SyncEngine.java:478)
07-02 16:38:27.478  5321  5321 E AndroidRuntime: 	at com.google.firebase.firestore.core.MemoryComponentProvider$RemoteStoreCallback.handleRejectedListen(MemoryComponentProvider.java:130)
07-02 16:38:27.478  5321  5321 E AndroidRuntime: 	at com.google.firebase.firestore.remote.RemoteStore.processTargetError(RemoteStore.java:591)
07-02 16:38:27.478  5321  5321 E AndroidRuntime: 	at com.google.firebase.firestore.remote.RemoteStore.handleWatchChange(RemoteStore.java:474)
07-02 16:38:27.478  5321  5321 E AndroidRuntime: 	at com.google.firebase.firestore.remote.RemoteStore.access$100(RemoteStore.java:60)
07-02 16:38:27.478  5321  5321 E AndroidRuntime: 	at com.google.firebase.firestore.remote.RemoteStore$1.onWatchChange(RemoteStore.java:183)
07-02 16:38:27.478  5321  5321 E AndroidRuntime: 	at com.google.firebase.firestore.remote.WatchStream.onNext(WatchStream.java:109)
07-02 16:38:27.478  5321  5321 E AndroidRuntime: 	at com.google.firebase.firestore.remote.WatchStream.onNext(WatchStream.java:38)
07-02 16:38:27.478  5321  5321 E AndroidRuntime: 	at com.google.firebase.firestore.remote.AbstractStream$StreamObserver.lambda$onNext$1$com-google-firebase-firestore-remote-AbstractStream$StreamObserver(AbstractStream.java:119)
07-02 16:38:27.478  5321  5321 E AndroidRuntime: 	at com.google.firebase.firestore.remote.AbstractStream$StreamObserver$$ExternalSyntheticLambda0.run(D8$$SyntheticClass:0)
07-02 16:38:27.478  5321  5321 E AndroidRuntime: 	at com.google.firebase.firestore.remote.AbstractStream$CloseGuardedRunner.run(AbstractStream.java:67)
07-02 16:38:27.478  5321  5321 E AndroidRuntime: 	at com.google.firebase.firestore.remote.AbstractStream$StreamObserver.onNext(AbstractStream.java:110)
07-02 16:38:27.478  5321  5321 E AndroidRuntime: 	at com.google.firebase.firestore.remote.FirestoreChannel$1.onMessage(FirestoreChannel.java:140)
07-02 16:38:27.478  5321  5321 E AndroidRuntime: 	at io.grpc.internal.DelayedClientCall$DelayedListener.onMessage(DelayedClientCall.java:473)
07-02 16:38:27.478  5321  5321 E AndroidRuntime: 	at io.grpc.internal.ClientCallImpl$ClientStreamListenerImpl$1MessagesAvailable.runInternal(ClientCallImpl.java:660)
07-02 16:38:27.478  5321  5321 E AndroidRuntime: 	at io.grpc.internal.ClientCallImpl$ClientStreamListenerImpl$1MessagesAvailable.runInContext(ClientCallImpl.java:647)
07-02 16:38:27.478  5321  5321 E AndroidRuntime: 	at io.grpc.internal.ContextRunnable.run(ContextRunnable.java:37)
07-02 16:38:27.478  5321  5321 E AndroidRuntime: 	at io.grpc.internal.SerializingExecutor.run(SerializingExecutor.java:133)
07-02 16:38:27.478  5321  5321 E AndroidRuntime: 	at java.util.concurrent.Executors$RunnableAdapter.call(Executors.java:520)
07-02 16:38:27.478  5321  5321 E AndroidRuntime: 	at java.util.concurrent.FutureTask.run(FutureTask.java:328)
07-02 16:38:27.478  5321  5321 E AndroidRuntime: 	at java.util.concurrent.ScheduledThreadPoolExecutor$ScheduledFutureTask.run(ScheduledThreadPoolExecutor.java:323)
07-02 16:38:27.478  5321  5321 E AndroidRuntime: 	at java.util.concurrent.ThreadPoolExecutor.runWorker(ThreadPoolExecutor.java:1100)
07-02 16:38:27.478  5321  5321 E AndroidRuntime: 	at java.util.concurrent.ThreadPoolExecutor$Worker.run(ThreadPoolExecutor.java:624)
07-02 16:38:27.478  5321  5321 E AndroidRuntime: 	at com.google.firebase.firestore.util.AsyncQueue$SynchronizedShutdownAwareExecutor$DelayedStartFactory.run(AsyncQueue.java:235)
07-02 16:38:27.478  5321  5321 E AndroidRuntime: 	at java.lang.Thread.run(Thread.java:1572)
07-02 16:38:27.478  5321  5321 E AndroidRuntime: 	Suppressed: kotlinx.coroutines.internal.DiagnosticCoroutineContextException: [StandaloneCoroutine{Cancelling}@2179570, Dispatchers.Main.immediate]
07-02 16:38:27.478  5321  5321 E AndroidRuntime: Caused by: io.grpc.StatusException: PERMISSION_DENIED: Missing or insufficient permissions.
07-02 16:38:27.478  5321  5321 E AndroidRuntime: 	at io.grpc.Status.asException(Status.java:545)
07-02 16:38:27.478  5321  5321 E AndroidRuntime: 	at com.google.firebase.firestore.util.Util.exceptionFromStatus(Util.java:111)
07-02 16:38:27.478  5321  5321 E AndroidRuntime: 	... 27 more
07-02 16:38:27.488  2262  2262 E MBrainLocalService: notifyAppSwitch failed
07-02 16:38:27.499  2262  2262 E MBrainLocalService: notifyAppSwitch failed
07-02 16:38:27.504  2262  3869 E FlexibleWindowManagerService: notifyTaskObserverToAttachController not need to notify!
07-02 16:38:27.504  2262  3869 E FlexibleWindowManagerService: notifyTaskObserverToAttachController not need to notify!
07-02 16:38:27.507  2262  2440 E OplusThermalStats: Error getting package info: com.android.launcher
07-02 16:38:27.596 16457  4057 E ActivityThread: Failed to find provider info for com.oplus.thirdkit
07-02 16:38:27.600  2262  3867 E OCvtSystemService: Cannot get map: android.system.ErrnoException: nativeBpfFdGet failed: ENOENT (No such file or directory)
07-02 16:38:28.000  2262  2414 E OplusAppQuickStart_AppQuickStartController: not start from launcher transition:8989
07-02 16:38:28.021  2262  2414 E FlexibleWindowManagerService: notifyTaskObserverToAttachController not need to notify!
07-02 16:38:28.490  2262  2415 E FlexibleWindowManagerService: notifyTaskObserverToAttachController not need to notify!
07-02 16:38:28.701  2262  9177 E TaskPersister: File error accessing recents directory (directory doesn't exist?).
07-02 16:38:29.619  2262  3322 E OCvtSystemService: Cannot get map: android.system.ErrnoException: nativeBpfFdGet failed: ENOENT (No such file or directory)
07-02 16:38:32.548  2262  2262 E OplusUAwareInputHelper: Gesture unResponsive msg, reason = bad76f3 com.nexaleads.app/com.nexaleads.app.MainActivity is not responding. Waited 5000ms for FocusEvent(hasFocus=false)
07-02 16:38:32.582  2262  4103 E OCvtSystemService: Cannot get map: android.system.ErrnoException: nativeBpfFdGet failed: ENOENT (No such file or directory)
07-02 16:38:34.645  2262  3322 E OCvtSystemService: Cannot get map: android.system.ErrnoException: nativeBpfFdGet failed: ENOENT (No such file or directory)
07-02 16:38:36.842  2262  3360 E ThermalManagerService: No threshold found for shell_skin
07-02 16:38:36.842  2262  3360 E ThermalManagerService: No threshold found for shell_skin
07-02 16:38:37.229  2262  2619 E JobScheduler.Background: Couldn't determine stopped state for unknown package: com.oplus.onet
07-02 16:38:37.266  2262  2440 E BatteryStatsImplExtImpl: get RefreshCounts failed
07-02 16:38:41.513  2262  9177 E TaskPersister: File error accessing recents directory (directory doesn't exist?).
07-02 16:38:43.965  5590  5624 E OplusCustomizeRestrictionManager: sInstance is null, start a new sInstance
07-02 16:39:10.763  6014  6014 E OplusCustomizePackageManager: mIOplusCustomizePackageManagerService is null
07-02 16:39:10.764  6014  6014 E OplusCustomizePackageManager: mIOplusCustomizePackageManagerService is null
07-02 16:39:10.764  6014  6014 E OplusCustomizePackageManager: isOplusCertificatePackage Errorjava.lang.NullPointerException: Attempt to invoke interface method 'boolean android.os.customize.IOplusCustomizePackageManagerService.isOplusCertificatePackage(java.lang.String)' on a null object reference
07-02 16:39:12.330   702  6257 E keystore2: system/security/keystore2/src/database.rs:1696 - transaction failed Trying to get access tuple.
07-02 16:39:12.330   702  6257 E keystore2: 
07-02 16:39:12.330   702  6257 E keystore2: Caused by:
07-02 16:39:12.330   702  6257 E keystore2:     0: With key.domain = r#APP.
07-02 16:39:12.330   702  6257 E keystore2:     1: system/security/keystore2/src/database.rs:2176
07-02 16:39:12.330   702  6257 E keystore2:     2: Error::Rc(r#KEY_NOT_FOUND), name:Some("TX_unbind_key")
--------- beginning of main
07-02 16:39:14.978  2262 21680 E OplusStorageUFSBandwidth: Alarm set to trigger in 10 seconds
07-02 16:39:14.987   702  6257 E keystore2: system/security/keystore2/src/database.rs:1696 - transaction failed Trying to get access tuple.
07-02 16:39:14.987   702  6257 E keystore2: 
07-02 16:39:14.987   702  6257 E keystore2: Caused by:
07-02 16:39:14.987   702  6257 E keystore2:     0: With key.domain = r#APP.
07-02 16:39:14.987   702  6257 E keystore2:     1: system/security/keystore2/src/database.rs:2176
07-02 16:39:14.987   702  6257 E keystore2:     2: Error::Rc(r#KEY_NOT_FOUND), name:Some("TX_unbind_key")
07-02 16:39:15.123  1489  1585 E bms_heating: BmsHeatingCheckThread status: 0
07-02 16:39:16.124  1489  1585 E bms_heating: BmsHeatingCheckThread status: 0
07-02 16:39:16.271  1489  1571 E ChargerInfo: SingleHyperPath not found
07-02 16:39:16.307  1489  1571 E ChargerInfo: SingleHyperPath not found
07-02 16:39:16.559  2262  4098 E SensorService: Required app com.google.ccc.abuse.droidguard.events.b, uid 10111, pid 6014
07-02 16:39:16.561  2262  4098 E SensorService: Required app com.google.ccc.abuse.droidguard.events.b, uid 10111, pid 6014
07-02 16:39:16.633   706   706 E TlcKM   : (keymaster_error_t)tci->response.header.returnCode == -1000
07-02 16:39:16.633   706   706 E TlcKM   : transact(session_handle, tci) == -1000
07-02 16:39:16.737   702  6257 E keystore2: system/security/keystore2/src/database.rs:1696 - transaction failed Trying to get access tuple.
07-02 16:39:16.737   702  6257 E keystore2: 
07-02 16:39:16.737   702  6257 E keystore2: Caused by:
07-02 16:39:16.737   702  6257 E keystore2:     0: With key.domain = r#APP.
07-02 16:39:16.737   702  6257 E keystore2:     1: system/security/keystore2/src/database.rs:2176
07-02 16:39:16.737   702  6257 E keystore2:     2: Error::Rc(r#KEY_NOT_FOUND), name:Some("TX_unbind_key")
07-02 16:39:16.971  2262 21680 E OplusStorageUFSBandwidth: storage_io_metrics_path is /proc/oplus_storage/io_metrics/forever/
07-02 16:39:16.971  1485  1501 E PerformanceService: storage_feature: open /proc/oplus_storage/io_metrics/forever//ufs_total_read_size_mb fail
07-02 16:39:16.972  1485  1501 E PerformanceService: storage_feature: open /proc/oplus_storage/io_metrics/forever//ufs_total_write_size_mb fail
07-02 16:39:16.973  2262 21680 E OplusStorageUFSBandwidth: Bandwidth - Read: 0.00 MB/s, Write: 0.00 MB/s
07-02 16:39:16.973  2262 21680 E OplusStorageUFSBandwidth: Task time: 2ms
07-02 16:39:16.975  2262 21680 E OplusStorageUFSBandwidth: Alarm set to trigger in 10 seconds
07-02 16:39:17.125  1489  1585 E bms_heating: BmsHeatingCheckThread status: 0
07-02 16:39:17.293  5090 16531 E midasd  : getTotalFlipsFromSf mCurFrameCount: 11787479
07-02 16:39:18.120  1485  1501 E PerformanceService: storage_feature: open /sys/devices/platform/soc/112b0000.ufshci//virtualtlcbuff fail
07-02 16:39:18.125  1489  1585 E bms_heating: BmsHeatingCheckThread status: 0
07-02 16:39:18.311  2262  3366 E SensorService: Required app com.google.ccc.abuse.droidguard.events.b, uid 10111, pid 6014
07-02 16:39:18.314  2262  3443 E SensorService: Required app com.google.ccc.abuse.droidguard.events.b, uid 10111, pid 6014
07-02 16:39:18.407   706   706 E TlcKM   : (keymaster_error_t)tci->response.header.returnCode == -1000
07-02 16:39:18.407   706   706 E TlcKM   : transact(session_handle, tci) == -1000
07-02 16:39:18.517   702  6257 E keystore2: system/security/keystore2/src/database.rs:1696 - transaction failed Trying to get access tuple.
07-02 16:39:18.517   702  6257 E keystore2: 
07-02 16:39:18.517   702  6257 E keystore2: Caused by:
07-02 16:39:18.517   702  6257 E keystore2:     0: With key.domain = r#APP.
07-02 16:39:18.517   702  6257 E keystore2:     1: system/security/keystore2/src/database.rs:2176
07-02 16:39:18.517   702  6257 E keystore2:     2: Error::Rc(r#KEY_NOT_FOUND), name:Some("TX_unbind_key")
07-02 16:39:18.685  1489  1571 E ChargerInfo: SingleHyperPath not found
07-02 16:39:18.974  2262 21680 E OplusStorageUFSBandwidth: storage_io_metrics_path is /proc/oplus_storage/io_metrics/forever/
07-02 16:39:18.974  1485  1501 E PerformanceService: storage_feature: open /proc/oplus_storage/io_metrics/forever//ufs_total_read_size_mb fail
07-02 16:39:18.979  1485  1500 E PerformanceService: storage_feature: open /proc/oplus_storage/io_metrics/forever//ufs_total_write_size_mb fail
07-02 16:39:18.979  2262 21680 E OplusStorageUFSBandwidth: Bandwidth - Read: 0.00 MB/s, Write: 0.00 MB/s
07-02 16:39:18.979  2262 21680 E OplusStorageUFSBandwidth: Task time: 5ms
07-02 16:39:18.983  2262 21680 E OplusStorageUFSBandwidth: Alarm set to trigger in 10 seconds
07-02 16:39:19.126  1489  1585 E bms_heating: BmsHeatingCheckThread status: 0
07-02 16:39:19.223  1489  1571 E ChargerInfo: SingleHyperPath not found
07-02 16:39:19.234  1489  1571 E ChargerInfo: SingleHyperPath not found
07-02 16:39:19.238  1489  1571 E ChargerInfo: SingleHyperPath not found
07-02 16:39:20.127  1489  1585 E bms_heating: BmsHeatingCheckThread status: 0
07-02 16:39:20.162  1448  1448 E SensorManager: Correct handle(2) mindelay: 20000000 old: 10000000
07-02 16:39:20.166  1448  1448 E SensorManager: Correct handle(2) mindelay: 20000000 old: 10000000
07-02 16:39:20.170  1448  1448 E SensorManager: Correct handle(2) mindelay: 20000000 old: 10000000
07-02 16:39:20.178  1448  1448 E HfManager: gyro_config, set cali_gyro_data 0
07-02 16:39:20.197  3695  3695 E IJankManager: slideSceneEnd unknown scene 1000 mScene:-1
07-02 16:39:20.211  3695  3695 E [OPLUS_AFS_CONFIG]: Failed to open AFS config file: /proc/oplus_afs_config/afs_config
07-02 16:39:20.211  3695  3695 E AFS_CONFIG: Failed to get scene config
07-02 16:39:20.211  3695  3695 E OplusAfsManager: afsConfigSceneConfigGet sceneType is null
07-02 16:39:20.260  3695  3695 E [OPLUS_AFS_CONFIG]: Failed to open AFS config file: /proc/oplus_afs_config/afs_config
07-02 16:39:20.260  3695  3695 E AFS_CONFIG: Failed to get scene config
07-02 16:39:20.260  3695  3695 E OplusAfsManager: afsConfigSceneConfigGet sceneType is null
07-02 16:39:20.260  3695  3695 E OsenseResClient: osenseClrSceneAction: handle is illegal
07-02 16:39:20.265  3695  3695 E [OPLUS_AFS_CONFIG]: Failed to open AFS config file: /proc/oplus_afs_config/afs_config
07-02 16:39:20.265  3695  3695 E AFS_CONFIG: Failed to get scene config
07-02 16:39:20.265  3695  3695 E OplusAfsManager: afsConfigSceneConfigGet sceneType is null
07-02 16:39:20.740  3695  3695 E [OPLUS_AFS_CONFIG]: Failed to open AFS config file: /proc/oplus_afs_config/afs_config
07-02 16:39:20.740  3695  3695 E AFS_CONFIG: Failed to get scene config
07-02 16:39:20.740  3695  3695 E OplusAfsManager: afsConfigSceneConfigGet sceneType is null
07-02 16:39:20.753  3695  3695 E [OPLUS_AFS_CONFIG]: Failed to open AFS config file: /proc/oplus_afs_config/afs_config
07-02 16:39:20.753  3695  3695 E AFS_CONFIG: Failed to get scene config
07-02 16:39:20.753  3695  3695 E OplusAfsManager: afsConfigSceneConfigGet sceneType is null
07-02 16:39:20.762  5819  6035 E GoogleApiManager: Failed to get service from broker. 
07-02 16:39:20.762  5819  6035 E GoogleApiManager: java.lang.SecurityException: Unknown calling package name 'com.google.android.gms'.
07-02 16:39:20.762  5819  6035 E GoogleApiManager: 	at android.os.Parcel.createExceptionOrNull(Parcel.java:3369)
07-02 16:39:20.762  5819  6035 E GoogleApiManager: 	at android.os.Parcel.createException(Parcel.java:3353)
07-02 16:39:20.762  5819  6035 E GoogleApiManager: 	at android.os.Parcel.readException(Parcel.java:3336)
07-02 16:39:20.762  5819  6035 E GoogleApiManager: 	at android.os.Parcel.readException(Parcel.java:3278)
07-02 16:39:20.762  5819  6035 E GoogleApiManager: 	at bkhw.a(:com.google.android.gms@262233035@26.22.33 (260400-932714197):36)
07-02 16:39:20.762  5819  6035 E GoogleApiManager: 	at bkfs.y(:com.google.android.gms@262233035@26.22.33 (260400-932714197):143)
07-02 16:39:20.762  5819  6035 E GoogleApiManager: 	at bjly.run(:com.google.android.gms@262233035@26.22.33 (260400-932714197):42)
07-02 16:39:20.762  5819  6035 E GoogleApiManager: 	at android.os.Handler.handleCallback(Handler.java:1027)
07-02 16:39:20.762  5819  6035 E GoogleApiManager: 	at android.os.Handler.dispatchMessage(Handler.java:108)
07-02 16:39:20.762  5819  6035 E GoogleApiManager: 	at dcgs.mE(:com.google.android.gms@262233035@26.22.33 (260400-932714197):1)
